<?xml version="1.0" encoding="ASCII"?>
<xmi:XMI xmi:version="2.0" xmlns:xmi="http://www.omg.org/XMI" xmlns:xsi="http://www.w3.org/2001/XMLSchema-instance" xmlns:auxiliar="http:\\geodes.iro.ca\auxiliar" xsi:schemaLocation="http:\\geodes.iro.ca\auxiliar ../../../ca.umontreal.iro.geodes.interaction.transformation2scd/Models/auxiliar.ecore">
  <auxiliar:Controll alphaParents="/1 /2 /3 /4 /5 /6 /7 /8 /9 /10">
    <rules queue="/11" name="R1">
      <rulePtr href="../InModels/Synthetic5H.interaction#//@interactions.0"/>
    </rules>
    <rules queue="/11" name="R2">
      <rulePtr href="../InModels/Synthetic5H.interaction#//@interactions.1"/>
    </rules>
    <rules name="R3">
      <rulePtr href="../InModels/Synthetic5H.interaction#//@interactions.2"/>
    </rules>
    <rules name="R4">
      <rulePtr href="../InModels/Synthetic5H.interaction#//@interactions.3"/>
    </rules>
    <rules queue="/11" name="R5">
      <rulePtr href="../InModels/Synthetic5H.interaction#//@interactions.4"/>
    </rules>
    <parameters xsi:type="auxiliar:AlphaNodeParam" tokenIndex="0" ruleParameterID="null"/>
    <parameters xsi:type="auxiliar:AlphaNodeParam" tokenIndex="2" toBeta="/0/@desisions.0" ruleParameterID="23" inLayer="/0/@parameters.2"/>
    <parameters xsi:type="auxiliar:AlphaNodeLayer" tokenIndex="3" toBeta="/0/@desisions.0 /0/@desisions.1 /0/@desisions.2 /0/@desisions.3" hasParams="23 23 23 23 23 23 23 23 23 23 23 23" layerID="Layercanvas"/>
    <parameters xsi:type="auxiliar:AlphaNodeParam" tokenIndex="4" toBeta="/0/@desisions.0" ruleParameterID="23" inLayer="/0/@parameters.2"/>
    <parameters xsi:type="auxiliar:AlphaNodeParam" tokenIndex="5" toBeta="/0/@desisions.0" ruleParameterID="23" inLayer="/0/@parameters.2"/>
    <parameters xsi:type="auxiliar:AlphaNodeParam" tokenIndex="6" toBeta="/0/@desisions.0" ruleParameterID="23" inLayer="/0/@parameters.2"/>
    <parameters xsi:type="auxiliar:AlphaNodeParam" tokenIndex="7" toBeta="/0/@desisions.0" ruleParameterID="23" inLayer="/0/@parameters.2"/>
    <parameters xsi:type="auxiliar:AlphaNodeParam" tokenIndex="8" toBeta="/0/@desisions.0" ruleParameterID="23" inLayer="/0/@parameters.2"/>
    <parameters xsi:type="auxiliar:AlphaNodeParam" tokenIndex="9" toBeta="/0/@desisions.0" ruleParameterID="23" inLayer="/0/@parameters.2"/>
    <parameters xsi:type="auxiliar:AlphaNodeParam" tokenIndex="10" toBeta="/0/@desisions.0" ruleParameterID="23" inLayer="/0/@parameters.2"/>
    <parameters xsi:type="auxiliar:AlphaNodeParam" tokenIndex="11" toBeta="/0/@desisions.0" ruleParameterID="E8" inLayer="/0/@parameters.11"/>
    <parameters xsi:type="auxiliar:AlphaNodeLayer" tokenIndex="12" toBeta="/0/@desisions.0" hasParams="E8" layerID="LayerE8"/>
    <parameters xsi:type="auxiliar:AlphaNodeParam" tokenIndex="14" toBeta="/0/@desisions.1" ruleParameterID="23" inLayer="/0/@parameters.2"/>
    <parameters xsi:type="auxiliar:AlphaNodeParam" tokenIndex="16" toBeta="/0/@desisions.2 /0/@desisions.3" ruleParameterID="E10" inLayer="/0/@parameters.14"/>
    <parameters xsi:type="auxiliar:AlphaNodeLayer" tokenIndex="17" toBeta="/0/@desisions.2 /0/@desisions.3" hasParams="E10 E10" layerID="LayerE10"/>
    <parameters xsi:type="auxiliar:AlphaNodeParam" tokenIndex="18" toBeta="/0/@desisions.2 /0/@desisions.3" ruleParameterID="E3" inLayer="/0/@parameters.16"/>
    <parameters xsi:type="auxiliar:AlphaNodeLayer" tokenIndex="19" toBeta="/0/@desisions.2 /0/@desisions.3" hasParams="E3" layerID="LayerE3"/>
    <parameters xsi:type="auxiliar:AlphaNodeParam" tokenIndex="20" toBeta="/0/@desisions.2" ruleParameterID="E6" inLayer="/0/@parameters.18"/>
    <parameters xsi:type="auxiliar:AlphaNodeLayer" tokenIndex="21" toBeta="/0/@desisions.2" hasParams="E6" layerID="LayerE6"/>
    <parameters xsi:type="auxiliar:AlphaNodeParam" tokenIndex="22" toBeta="/0/@desisions.2 /0/@desisions.3" ruleParameterID="E10" value="1" inLayer="/0/@parameters.14"/>
    <parameters xsi:type="auxiliar:AlphaNodeParam" tokenIndex="23" toBeta="/0/@desisions.2" ruleParameterID="E1" value="2" inLayer="/0/@parameters.21"/>
    <parameters xsi:type="auxiliar:AlphaNodeLayer" tokenIndex="24" toBeta="/0/@desisions.2" hasParams="E1" layerID="LayerE1"/>
    <parameters xsi:type="auxiliar:AlphaNodeParam" tokenIndex="25" toBeta="/0/@desisions.2" ruleParameterID="23" inLayer="/0/@parameters.2"/>
    <parameters xsi:type="auxiliar:AlphaNodeParam" tokenIndex="27" toBeta="/0/@desisions.3" ruleParameterID="E5" value="1" inLayer="/0/@parameters.24"/>
    <parameters xsi:type="auxiliar:AlphaNodeLayer" tokenIndex="28" toBeta="/0/@desisions.3" hasParams="E5" layerID="LayerE5"/>
    <parameters xsi:type="auxiliar:AlphaNodeParam" tokenIndex="29" toBeta="/0/@desisions.3" ruleParameterID="23" inLayer="/0/@parameters.2"/>
    <parameters xsi:type="auxiliar:AlphaNodeParam" tokenIndex="30" toBeta="/0/@desisions.3" ruleParameterID="E9" value="1" inLayer="/0/@parameters.27"/>
    <parameters xsi:type="auxiliar:AlphaNodeLayer" tokenIndex="31" toBeta="/0/@desisions.3" hasParams="E9" layerID="LayerE9"/>
    <parameters xsi:type="auxiliar:AlphaNodeParam" tokenIndex="32" toBeta="/0/@desisions.3" ruleParameterID="23" inLayer="/0/@parameters.2"/>
    <parameters xsi:type="auxiliar:AlphaNodeParam" tokenIndex="34" toBeta="/0/@desisions.4" ruleParameterID="E7" inLayer="/0/@parameters.30"/>
    <parameters xsi:type="auxiliar:AlphaNodeLayer" tokenIndex="35" toBeta="/0/@desisions.4" hasParams="E7" layerID="LayerE7"/>
    <desisions tokenIndex="1" positiveValue="9" rule="/0/@rules.0" fromAlpha="23 /0/@parameters.2 23 23 23 23 23 23 23 E8 /0/@parameters.11"/>
    <desisions tokenIndex="13" positiveValue="1" rule="/0/@rules.1" fromAlpha="23 /0/@parameters.2"/>
    <desisions tokenIndex="15" positiveValue="9" rule="/0/@rules.2" fromAlpha="E10 /0/@parameters.14 E3 /0/@parameters.16 E6 /0/@parameters.18 E10 E1 /0/@parameters.21 23 /0/@parameters.2"/>
    <desisions tokenIndex="26" positiveValue="7" rule="/0/@rules.3" fromAlpha="E5 /0/@parameters.24 E10 /0/@parameters.14 E3 /0/@parameters.16 E10 23 /0/@parameters.2 E9 /0/@parameters.27 23"/>
    <desisions tokenIndex="33" positiveValue="1" rule="/0/@rules.4" fromAlpha="E7 /0/@parameters.30"/>
    <tokenConfigurations tokenID="/11">
      <tokens/>
      <tokens isDirty="true" tokenValue="true" numberOfTokens="9"/>
      <tokens isDirty="true" tokenValue="true"/>
      <tokens isDirty="true"/>
      <tokens isDirty="true" tokenValue="true"/>
      <tokens isDirty="true" tokenValue="true"/>
      <tokens isDirty="true" tokenValue="true"/>
      <tokens isDirty="true" tokenValue="true"/>
      <tokens isDirty="true" tokenValue="true"/>
      <tokens isDirty="true" tokenValue="true"/>
      <tokens isDirty="true" tokenValue="true"/>
      <tokens isDirty="true" tokenValue="true"/>
      <tokens isDirty="true"/>
      <tokens isDirty="true" tokenValue="true" numberOfTokens="1"/>
      <tokens isDirty="true" tokenValue="true"/>
      <tokens isDirty="true" tokenValue="true" numberOfTokens="4"/>
      <tokens isDirty="true" tokenValue="true"/>
      <tokens isDirty="true"/>
      <tokens isDirty="true" tokenValue="true"/>
      <tokens isDirty="true"/>
      <tokens isDirty="true" tokenValue="true"/>
      <tokens isDirty="true"/>
      <tokens isDirty="true"/>
      <tokens isDirty="true"/>
      <tokens/>
      <tokens isDirty="true" tokenValue="true"/>
      <tokens isDirty="true" tokenValue="true" numberOfTokens="4"/>
      <tokens isDirty="true"/>
      <tokens/>
      <tokens isDirty="true" tokenValue="true"/>
      <tokens isDirty="true"/>
      <tokens/>
      <tokens isDirty="true" tokenValue="true"/>
      <tokens isDirty="true" tokenValue="true" numberOfTokens="1"/>
      <tokens isDirty="true" tokenValue="true"/>
      <tokens isDirty="true"/>
    </tokenConfigurations>
    <tokenConfigurations tokenID="/35">
      <tokens/>
      <tokens tokenValue="true" numberOfTokens="9" PrevValue="true"/>
      <tokens isDirty="true" tokenValue="true" PrevValue="true"/>
      <tokens/>
      <tokens isDirty="true" tokenValue="true" PrevValue="true"/>
      <tokens isDirty="true" tokenValue="true" PrevValue="true"/>
      <tokens isDirty="true" tokenValue="true" PrevValue="true"/>
      <tokens isDirty="true" tokenValue="true" PrevValue="true"/>
      <tokens isDirty="true" tokenValue="true" PrevValue="true"/>
      <tokens isDirty="true" tokenValue="true" PrevValue="true"/>
      <tokens isDirty="true" tokenValue="true" PrevValue="true"/>
      <tokens tokenValue="true" PrevValue="true"/>
      <tokens/>
      <tokens tokenValue="true" numberOfTokens="1" PrevValue="true"/>
      <tokens isDirty="true" tokenValue="true" PrevValue="true"/>
      <tokens tokenValue="true" numberOfTokens="4" PrevValue="true"/>
      <tokens tokenValue="true" PrevValue="true"/>
      <tokens/>
      <tokens tokenValue="true" PrevValue="true"/>
      <tokens/>
      <tokens tokenValue="true" PrevValue="true"/>
      <tokens/>
      <tokens/>
      <tokens isDirty="true"/>
      <tokens/>
      <tokens isDirty="true" tokenValue="true" PrevValue="true"/>
      <tokens tokenValue="true" numberOfTokens="4" PrevValue="true"/>
      <tokens/>
      <tokens/>
      <tokens isDirty="true" tokenValue="true" PrevValue="true"/>
      <tokens/>
      <tokens/>
      <tokens isDirty="true" tokenValue="true" PrevValue="true"/>
      <tokens tokenValue="true" numberOfTokens="1" PrevValue="true"/>
      <tokens isDirty="true" tokenValue="true" PrevValue="true"/>
      <tokens/>
    </tokenConfigurations>
    <tokenConfigurations tokenID="/66">
      <tokens/>
      <tokens tokenValue="true" numberOfTokens="9" PrevValue="true"/>
      <tokens isDirty="true" tokenValue="true" PrevValue="true"/>
      <tokens/>
      <tokens isDirty="true" tokenValue="true" PrevValue="true"/>
      <tokens isDirty="true" tokenValue="true" PrevValue="true"/>
      <tokens isDirty="true" tokenValue="true" PrevValue="true"/>
      <tokens isDirty="true" tokenValue="true" PrevValue="true"/>
      <tokens isDirty="true" tokenValue="true" PrevValue="true"/>
      <tokens isDirty="true" tokenValue="true" PrevValue="true"/>
      <tokens isDirty="true" tokenValue="true" PrevValue="true"/>
      <tokens tokenValue="true" PrevValue="true"/>
      <tokens/>
      <tokens tokenValue="true" numberOfTokens="1" PrevValue="true"/>
      <tokens isDirty="true" tokenValue="true" PrevValue="true"/>
      <tokens tokenValue="true" numberOfTokens="4" PrevValue="true"/>
      <tokens isDirty="true" tokenValue="true" PrevValue="true"/>
      <tokens/>
      <tokens tokenValue="true" PrevValue="true"/>
      <tokens/>
      <tokens tokenValue="true" PrevValue="true"/>
      <tokens/>
      <tokens isDirty="true"/>
      <tokens isDirty="true"/>
      <tokens/>
      <tokens isDirty="true" tokenValue="true" PrevValue="true"/>
      <tokens tokenValue="true" numberOfTokens="4" PrevValue="true"/>
      <tokens isDirty="true"/>
      <tokens/>
      <tokens isDirty="true" tokenValue="true" PrevValue="true"/>
      <tokens/>
      <tokens/>
      <tokens isDirty="true" tokenValue="true" PrevValue="true"/>
      <tokens tokenValue="true" numberOfTokens="1" PrevValue="true"/>
      <tokens tokenValue="true" PrevValue="true"/>
      <tokens/>
    </tokenConfigurations>
    <tokenConfigurations tokenID="/98">
      <tokens/>
      <tokens tokenValue="true" numberOfTokens="9" PrevValue="true"/>
      <tokens isDirty="true" tokenValue="true" PrevValue="true"/>
      <tokens/>
      <tokens isDirty="true" tokenValue="true" PrevValue="true"/>
      <tokens isDirty="true" tokenValue="true" PrevValue="true"/>
      <tokens isDirty="true" tokenValue="true" PrevValue="true"/>
      <tokens isDirty="true" tokenValue="true" PrevValue="true"/>
      <tokens isDirty="true" tokenValue="true" PrevValue="true"/>
      <tokens isDirty="true" tokenValue="true" PrevValue="true"/>
      <tokens isDirty="true" tokenValue="true" PrevValue="true"/>
      <tokens isDirty="true" tokenValue="true" PrevValue="true"/>
      <tokens/>
      <tokens tokenValue="true" numberOfTokens="1" PrevValue="true"/>
      <tokens isDirty="true" tokenValue="true" PrevValue="true"/>
      <tokens tokenValue="true" numberOfTokens="4" PrevValue="true"/>
      <tokens tokenValue="true" PrevValue="true"/>
      <tokens/>
      <tokens tokenValue="true" PrevValue="true"/>
      <tokens/>
      <tokens tokenValue="true" PrevValue="true"/>
      <tokens/>
      <tokens/>
      <tokens/>
      <tokens/>
      <tokens isDirty="true" tokenValue="true" PrevValue="true"/>
      <tokens isDirty="true" tokenValue="true" numberOfTokens="5" PrevValue="true"/>
      <tokens isDirty="true" tokenValue="true"/>
      <tokens isDirty="true"/>
      <tokens isDirty="true" tokenValue="true" PrevValue="true"/>
      <tokens/>
      <tokens/>
      <tokens isDirty="true" tokenValue="true" PrevValue="true"/>
      <tokens tokenValue="true" numberOfTokens="1" PrevValue="true"/>
      <tokens tokenValue="true" PrevValue="true"/>
      <tokens/>
    </tokenConfigurations>
  </auxiliar:Controll>
  <auxiliar:AlphaParent alphas="null" ruleParameterID="null"/>
  <auxiliar:AlphaParent alphas="23 23 23 23 23 23 23 23 23 23 23 23" ruleParameterID="23"/>
  <auxiliar:AlphaParent alphas="E8" ruleParameterID="E8"/>
  <auxiliar:AlphaParent alphas="E10 E10" ruleParameterID="E10"/>
  <auxiliar:AlphaParent alphas="E3" ruleParameterID="E3"/>
  <auxiliar:AlphaParent alphas="E6" ruleParameterID="E6"/>
  <auxiliar:AlphaParent alphas="E1" ruleParameterID="E1"/>
  <auxiliar:AlphaParent alphas="E5" ruleParameterID="E5"/>
  <auxiliar:AlphaParent alphas="E9" ruleParameterID="E9"/>
  <auxiliar:AlphaParent alphas="E7" ruleParameterID="E7"/>
  <auxiliar:QueueElem states="s0 s1 s2 s3 s4 s5 s6 s7 s8 s9 s10 h00" elements="/13 /15 /17 /19 /21 /23 /25 /27 /29 /31 /33" tokenConfiguration="/0/@tokenConfigurations.0" dirtyElements="/13 /15 /17 /19 /21 /23 /25 /27 /29 /31 /33"/>
  <auxiliar:StateRef id="s0" layer="LayerE2" hasElements="/13" inConfiguration="/11">
    <statePtr href="Synthetic5H.sccd#//@class.0/@scxml.0/@parallel.0/@states.0/@states.0"/>
    <layerPtr href="Synthetic5H.sccd#//@class.0/@scxml.0/@parallel.0/@states.0"/>
  </auxiliar:StateRef>
  <auxiliar:ElemRef inState="s0" id="E2">
    <elemPtr href="Synthetic5H.sccd#//@class.0/@scxml.0/@parallel.0/@states.0/@states.0/@ielement.0"/>
  </auxiliar:ElemRef>
  <auxiliar:StateRef id="s1" layer="LayerE1" hasElements="/15" inConfiguration="/11">
    <statePtr href="Synthetic5H.sccd#//@class.0/@scxml.0/@parallel.0/@states.1/@states.0"/>
    <layerPtr href="Synthetic5H.sccd#//@class.0/@scxml.0/@parallel.0/@states.1"/>
  </auxiliar:StateRef>
  <auxiliar:ElemRef inState="s1" id="E1">
    <elemPtr href="Synthetic5H.sccd#//@class.0/@scxml.0/@parallel.0/@states.1/@states.0/@ielement.0"/>
  </auxiliar:ElemRef>
  <auxiliar:StateRef id="s2" layer="Layercanvas" hasElements="/17" inConfiguration="/11">
    <statePtr href="Synthetic5H.sccd#//@class.0/@scxml.0/@parallel.0/@states.2/@states.0"/>
    <layerPtr href="Synthetic5H.sccd#//@class.0/@scxml.0/@parallel.0/@states.2"/>
  </auxiliar:StateRef>
  <auxiliar:ElemRef inState="s2" id="23">
    <elemPtr href="Synthetic5H.sccd#//@class.0/@scxml.0/@parallel.0/@states.2/@states.0/@ielement.0"/>
  </auxiliar:ElemRef>
  <auxiliar:StateRef id="s3" layer="LayerE3" hasElements="/19" inConfiguration="/11">
    <statePtr href="Synthetic5H.sccd#//@class.0/@scxml.0/@parallel.0/@states.3/@states.0"/>
    <layerPtr href="Synthetic5H.sccd#//@class.0/@scxml.0/@parallel.0/@states.3"/>
  </auxiliar:StateRef>
  <auxiliar:ElemRef inState="s3" id="E3">
    <elemPtr href="Synthetic5H.sccd#//@class.0/@scxml.0/@parallel.0/@states.3/@states.0/@ielement.0"/>
  </auxiliar:ElemRef>
  <auxiliar:StateRef id="s4" layer="LayerE4" hasElements="/21" inConfiguration="/11">
    <statePtr href="Synthetic5H.sccd#//@class.0/@scxml.0/@parallel.0/@states.4/@states.0"/>
    <layerPtr href="Synthetic5H.sccd#//@class.0/@scxml.0/@parallel.0/@states.4"/>
  </auxiliar:StateRef>
  <auxiliar:ElemRef inState="s4" id="E4">
    <elemPtr href="Synthetic5H.sccd#//@class.0/@scxml.0/@parallel.0/@states.4/@states.0/@ielement.0"/>
  </auxiliar:ElemRef>
  <auxiliar:StateRef id="s5" layer="LayerE5" hasElements="/23" inConfiguration="/11">
    <statePtr href="Synthetic5H.sccd#//@class.0/@scxml.0/@parallel.0/@states.5/@states.0"/>
    <layerPtr href="Synthetic5H.sccd#//@class.0/@scxml.0/@parallel.0/@states.5"/>
  </auxiliar:StateRef>
  <auxiliar:ElemRef inState="s5" id="E5">
    <elemPtr href="Synthetic5H.sccd#//@class.0/@scxml.0/@parallel.0/@states.5/@states.0/@ielement.0"/>
  </auxiliar:ElemRef>
  <auxiliar:StateRef id="s6" layer="LayerE6" hasElements="/25" inConfiguration="/11">
    <statePtr href="Synthetic5H.sccd#//@class.0/@scxml.0/@parallel.0/@states.6/@states.0"/>
    <layerPtr href="Synthetic5H.sccd#//@class.0/@scxml.0/@parallel.0/@states.6"/>
  </auxiliar:StateRef>
  <auxiliar:ElemRef inState="s6" id="E6">
    <elemPtr href="Synthetic5H.sccd#//@class.0/@scxml.0/@parallel.0/@states.6/@states.0/@ielement.0"/>
  </auxiliar:ElemRef>
  <auxiliar:StateRef id="s7" layer="LayerE7" hasElements="/27" inConfiguration="/11">
    <statePtr href="Synthetic5H.sccd#//@class.0/@scxml.0/@parallel.0/@states.7/@states.0"/>
    <layerPtr href="Synthetic5H.sccd#//@class.0/@scxml.0/@parallel.0/@states.7"/>
  </auxiliar:StateRef>
  <auxiliar:ElemRef inState="s7" id="E7">
    <elemPtr href="Synthetic5H.sccd#//@class.0/@scxml.0/@parallel.0/@states.7/@states.0/@ielement.0"/>
  </auxiliar:ElemRef>
  <auxiliar:StateRef id="s8" layer="LayerE8" hasElements="/29" inConfiguration="/11">
    <statePtr href="Synthetic5H.sccd#//@class.0/@scxml.0/@parallel.0/@states.8/@states.0"/>
    <layerPtr href="Synthetic5H.sccd#//@class.0/@scxml.0/@parallel.0/@states.8"/>
  </auxiliar:StateRef>
  <auxiliar:ElemRef inState="s8" id="E8">
    <elemPtr href="Synthetic5H.sccd#//@class.0/@scxml.0/@parallel.0/@states.8/@states.0/@ielement.0"/>
  </auxiliar:ElemRef>
  <auxiliar:StateRef id="s9" layer="LayerE9" hasElements="/31" inConfiguration="/11">
    <statePtr href="Synthetic5H.sccd#//@class.0/@scxml.0/@parallel.0/@states.9/@states.0"/>
    <layerPtr href="Synthetic5H.sccd#//@class.0/@scxml.0/@parallel.0/@states.9"/>
  </auxiliar:StateRef>
  <auxiliar:ElemRef inState="s9" id="E9">
    <elemPtr href="Synthetic5H.sccd#//@class.0/@scxml.0/@parallel.0/@states.9/@states.0/@ielement.0"/>
  </auxiliar:ElemRef>
  <auxiliar:StateRef id="s10" layer="LayerE10" hasElements="/33" inConfiguration="/11">
    <statePtr href="Synthetic5H.sccd#//@class.0/@scxml.0/@parallel.0/@states.10/@states.0"/>
    <layerPtr href="Synthetic5H.sccd#//@class.0/@scxml.0/@parallel.0/@states.10"/>
  </auxiliar:StateRef>
  <auxiliar:ElemRef inState="s10" id="E10">
    <elemPtr href="Synthetic5H.sccd#//@class.0/@scxml.0/@parallel.0/@states.10/@states.0/@ielement.0"/>
  </auxiliar:ElemRef>
  <auxiliar:StateRef id="h00" layer="LayerControler" inConfiguration="/11">
    <statePtr href="Synthetic5H.sccd#//@class.0/@scxml.0/@parallel.0/@states.11/@states.0"/>
    <layerPtr href="Synthetic5H.sccd#//@class.0/@scxml.0/@parallel.0/@states.11"/>
  </auxiliar:StateRef>
  <auxiliar:QueueElem states="s12 s1 s2 s3 s4 s5 s6 s7 s8 s9 s10 h00" elements="/37 /39 /41 /43 /45 /47 /49 /51 /53 /55 /57" tokenConfiguration="/0/@tokenConfigurations.1" dirtyElements="/51 /39 /41 /37"/>
  <auxiliar:StateRef id="s12" layer="LayerE2" hasElements="/37" isDirty="true" inConfiguration="/35">
    <statePtr href="Synthetic5H.sccd#//@class.0/@scxml.0/@parallel.0/@states.0/@states.1"/>
    <layerPtr href="Synthetic5H.sccd#//@class.0/@scxml.0/@parallel.0/@states.0"/>
  </auxiliar:StateRef>
  <auxiliar:ElemRef inState="s12" id="E2" value="4">
    <elemPtr href="Synthetic5H.sccd#//@class.0/@scxml.0/@parallel.0/@states.0/@states.1/@ielement.0"/>
  </auxiliar:ElemRef>
  <auxiliar:StateRef id="s1" layer="LayerE1" hasElements="/64" isDirty="true" inConfiguration="/35">
    <statePtr href="Synthetic5H.sccd#//@class.0/@scxml.0/@parallel.0/@states.1/@states.0"/>
    <layerPtr href="Synthetic5H.sccd#//@class.0/@scxml.0/@parallel.0/@states.1"/>
  </auxiliar:StateRef>
  <auxiliar:ElemRef id="E1">
    <elemPtr href="Synthetic5H.sccd#//@class.0/@scxml.0/@parallel.0/@states.1/@states.0/@ielement.0"/>
  </auxiliar:ElemRef>
  <auxiliar:StateRef id="s2" layer="Layercanvas" hasElements="/63" isDirty="true" inConfiguration="/35">
    <statePtr href="Synthetic5H.sccd#//@class.0/@scxml.0/@parallel.0/@states.2/@states.0"/>
    <layerPtr href="Synthetic5H.sccd#//@class.0/@scxml.0/@parallel.0/@states.2"/>
  </auxiliar:StateRef>
  <auxiliar:ElemRef id="23">
    <elemPtr href="Synthetic5H.sccd#//@class.0/@scxml.0/@parallel.0/@states.2/@states.0/@ielement.0"/>
  </auxiliar:ElemRef>
  <auxiliar:StateRef id="s3" layer="LayerE3" hasElements="/43" inConfiguration="/35">
    <statePtr href="Synthetic5H.sccd#//@class.0/@scxml.0/@parallel.0/@states.3/@states.0"/>
    <layerPtr href="Synthetic5H.sccd#//@class.0/@scxml.0/@parallel.0/@states.3"/>
  </auxiliar:StateRef>
  <auxiliar:ElemRef inState="s3" id="E3">
    <elemPtr href="Synthetic5H.sccd#//@class.0/@scxml.0/@parallel.0/@states.3/@states.0/@ielement.0"/>
  </auxiliar:ElemRef>
  <auxiliar:StateRef id="s4" layer="LayerE4" hasElements="/45" inConfiguration="/35">
    <statePtr href="Synthetic5H.sccd#//@class.0/@scxml.0/@parallel.0/@states.4/@states.0"/>
    <layerPtr href="Synthetic5H.sccd#//@class.0/@scxml.0/@parallel.0/@states.4"/>
  </auxiliar:StateRef>
  <auxiliar:ElemRef inState="s4" id="E4">
    <elemPtr href="Synthetic5H.sccd#//@class.0/@scxml.0/@parallel.0/@states.4/@states.0/@ielement.0"/>
  </auxiliar:ElemRef>
  <auxiliar:StateRef id="s5" layer="LayerE5" hasElements="/47" inConfiguration="/35">
    <statePtr href="Synthetic5H.sccd#//@class.0/@scxml.0/@parallel.0/@states.5/@states.0"/>
    <layerPtr href="Synthetic5H.sccd#//@class.0/@scxml.0/@parallel.0/@states.5"/>
  </auxiliar:StateRef>
  <auxiliar:ElemRef inState="s5" id="E5">
    <elemPtr href="Synthetic5H.sccd#//@class.0/@scxml.0/@parallel.0/@states.5/@states.0/@ielement.0"/>
  </auxiliar:ElemRef>
  <auxiliar:StateRef id="s6" layer="LayerE6" hasElements="/49" inConfiguration="/35">
    <statePtr href="Synthetic5H.sccd#//@class.0/@scxml.0/@parallel.0/@states.6/@states.0"/>
    <layerPtr href="Synthetic5H.sccd#//@class.0/@scxml.0/@parallel.0/@states.6"/>
  </auxiliar:StateRef>
  <auxiliar:ElemRef inState="s6" id="E6">
    <elemPtr href="Synthetic5H.sccd#//@class.0/@scxml.0/@parallel.0/@states.6/@states.0/@ielement.0"/>
  </auxiliar:ElemRef>
  <auxiliar:StateRef id="s7" layer="LayerE7" hasElements="/65" isDirty="true" inConfiguration="/35">
    <statePtr href="Synthetic5H.sccd#//@class.0/@scxml.0/@parallel.0/@states.7/@states.0"/>
    <layerPtr href="Synthetic5H.sccd#//@class.0/@scxml.0/@parallel.0/@states.7"/>
  </auxiliar:StateRef>
  <auxiliar:ElemRef id="E7">
    <elemPtr href="Synthetic5H.sccd#//@class.0/@scxml.0/@parallel.0/@states.7/@states.0/@ielement.0"/>
  </auxiliar:ElemRef>
  <auxiliar:StateRef id="s8" layer="LayerE8" hasElements="/53" inConfiguration="/35">
    <statePtr href="Synthetic5H.sccd#//@class.0/@scxml.0/@parallel.0/@states.8/@states.0"/>
    <layerPtr href="Synthetic5H.sccd#//@class.0/@scxml.0/@parallel.0/@states.8"/>
  </auxiliar:StateRef>
  <auxiliar:ElemRef inState="s8" id="E8">
    <elemPtr href="Synthetic5H.sccd#//@class.0/@scxml.0/@parallel.0/@states.8/@states.0/@ielement.0"/>
  </auxiliar:ElemRef>
  <auxiliar:StateRef id="s9" layer="LayerE9" hasElements="/55" inConfiguration="/35">
    <statePtr href="Synthetic5H.sccd#//@class.0/@scxml.0/@parallel.0/@states.9/@states.0"/>
    <layerPtr href="Synthetic5H.sccd#//@class.0/@scxml.0/@parallel.0/@states.9"/>
  </auxiliar:StateRef>
  <auxiliar:ElemRef inState="s9" id="E9">
    <elemPtr href="Synthetic5H.sccd#//@class.0/@scxml.0/@parallel.0/@states.9/@states.0/@ielement.0"/>
  </auxiliar:ElemRef>
  <auxiliar:StateRef id="s10" layer="LayerE10" hasElements="/57" inConfiguration="/35">
    <statePtr href="Synthetic5H.sccd#//@class.0/@scxml.0/@parallel.0/@states.10/@states.0"/>
    <layerPtr href="Synthetic5H.sccd#//@class.0/@scxml.0/@parallel.0/@states.10"/>
  </auxiliar:StateRef>
  <auxiliar:ElemRef inState="s10" id="E10">
    <elemPtr href="Synthetic5H.sccd#//@class.0/@scxml.0/@parallel.0/@states.10/@states.0/@ielement.0"/>
  </auxiliar:ElemRef>
  <auxiliar:StateRef id="h00" layer="LayerControler" inConfiguration="/35">
    <statePtr href="Synthetic5H.sccd#//@class.0/@scxml.0/@parallel.0/@states.11/@states.0"/>
    <layerPtr href="Synthetic5H.sccd#//@class.0/@scxml.0/@parallel.0/@states.11"/>
  </auxiliar:StateRef>
  <auxiliar:DirtyState preCond="true">
    <elements href="../InModels/Synthetic5H.interaction#//@interactions.4/@hasStates.1/@conditions.0"/>
  </auxiliar:DirtyState>
  <auxiliar:DirtyState>
    <elements href="../InModels/Synthetic5H.interaction#//@interactions.4/@hasStates.1/@conditions.1"/>
  </auxiliar:DirtyState>
  <auxiliar:DirtyState>
    <elements href="../InModels/Synthetic5H.interaction#//@interactions.4/@hasStates.1/@conditions.2"/>
  </auxiliar:DirtyState>
  <auxiliar:DirtyState>
    <elements href="../InModels/Synthetic5H.interaction#//@interactions.4/@hasStates.1/@conditions.3"/>
  </auxiliar:DirtyState>
  <auxiliar:ElemRef inState="s2" id="23">
    <elemPtr href="Synthetic5H.sccd#//@class.0/@scxml.0/@parallel.0/@states.2/@states.0/@ielement.0"/>
  </auxiliar:ElemRef>
  <auxiliar:ElemRef inState="s1" id="E1">
    <elemPtr href="Synthetic5H.sccd#//@class.0/@scxml.0/@parallel.0/@states.1/@states.0/@ielement.0"/>
  </auxiliar:ElemRef>
  <auxiliar:ElemRef inState="s7" id="E7">
    <elemPtr href="Synthetic5H.sccd#//@class.0/@scxml.0/@parallel.0/@states.7/@states.0/@ielement.0"/>
  </auxiliar:ElemRef>
  <auxiliar:QueueElem states="s0 s14 s2 s3 s4 s13 s6 s7 s8 s9 s10 h00" elements="/68 /70 /72 /74 /76 /78 /80 /82 /84 /86 /88" tokenConfiguration="/0/@tokenConfigurations.2" dirtyElements="/72 /78 /76 /70 /88"/>
  <auxiliar:StateRef id="s0" layer="LayerE2" hasElements="/68" inConfiguration="/66">
    <statePtr href="Synthetic5H.sccd#//@class.0/@scxml.0/@parallel.0/@states.0/@states.0"/>
    <layerPtr href="Synthetic5H.sccd#//@class.0/@scxml.0/@parallel.0/@states.0"/>
  </auxiliar:StateRef>
  <auxiliar:ElemRef inState="s0" id="E2">
    <elemPtr href="Synthetic5H.sccd#//@class.0/@scxml.0/@parallel.0/@states.0/@states.0/@ielement.0"/>
  </auxiliar:ElemRef>
  <auxiliar:StateRef id="s14" layer="LayerE1" hasElements="/70" isDirty="true" inConfiguration="/66">
    <statePtr href="Synthetic5H.sccd#//@class.0/@scxml.0/@parallel.0/@states.1/@states.1"/>
    <layerPtr href="Synthetic5H.sccd#//@class.0/@scxml.0/@parallel.0/@states.1"/>
  </auxiliar:StateRef>
  <auxiliar:ElemRef inState="s14" id="E1" value="1">
    <elemPtr href="Synthetic5H.sccd#//@class.0/@scxml.0/@parallel.0/@states.1/@states.1/@ielement.0"/>
  </auxiliar:ElemRef>
  <auxiliar:StateRef id="s2" layer="Layercanvas" hasElements="/95" isDirty="true" inConfiguration="/66">
    <statePtr href="Synthetic5H.sccd#//@class.0/@scxml.0/@parallel.0/@states.2/@states.0"/>
    <layerPtr href="Synthetic5H.sccd#//@class.0/@scxml.0/@parallel.0/@states.2"/>
  </auxiliar:StateRef>
  <auxiliar:ElemRef id="23">
    <elemPtr href="Synthetic5H.sccd#//@class.0/@scxml.0/@parallel.0/@states.2/@states.0/@ielement.0"/>
  </auxiliar:ElemRef>
  <auxiliar:StateRef id="s3" layer="LayerE3" hasElements="/74" inConfiguration="/66">
    <statePtr href="Synthetic5H.sccd#//@class.0/@scxml.0/@parallel.0/@states.3/@states.0"/>
    <layerPtr href="Synthetic5H.sccd#//@class.0/@scxml.0/@parallel.0/@states.3"/>
  </auxiliar:StateRef>
  <auxiliar:ElemRef inState="s3" id="E3">
    <elemPtr href="Synthetic5H.sccd#//@class.0/@scxml.0/@parallel.0/@states.3/@states.0/@ielement.0"/>
  </auxiliar:ElemRef>
  <auxiliar:StateRef id="s4" layer="LayerE4" hasElements="/97" isDirty="true" inConfiguration="/66">
    <statePtr href="Synthetic5H.sccd#//@class.0/@scxml.0/@parallel.0/@states.4/@states.0"/>
    <layerPtr href="Synthetic5H.sccd#//@class.0/@scxml.0/@parallel.0/@states.4"/>
  </auxiliar:StateRef>
  <auxiliar:ElemRef id="E4">
    <elemPtr href="Synthetic5H.sccd#//@class.0/@scxml.0/@parallel.0/@states.4/@states.0/@ielement.0"/>
  </auxiliar:ElemRef>
  <auxiliar:StateRef id="s13" layer="LayerE5" hasElements="/78" isDirty="true" inConfiguration="/66">
    <statePtr href="Synthetic5H.sccd#//@class.0/@scxml.0/@parallel.0/@states.5/@states.1"/>
    <layerPtr href="Synthetic5H.sccd#//@class.0/@scxml.0/@parallel.0/@states.5"/>
  </auxiliar:StateRef>
  <auxiliar:ElemRef inState="s13" id="E5" value="2">
    <elemPtr href="Synthetic5H.sccd#//@class.0/@scxml.0/@parallel.0/@states.5/@states.1/@ielement.0"/>
  </auxiliar:ElemRef>
  <auxiliar:StateRef id="s6" layer="LayerE6" hasElements="/80" inConfiguration="/66">
    <statePtr href="Synthetic5H.sccd#//@class.0/@scxml.0/@parallel.0/@states.6/@states.0"/>
    <layerPtr href="Synthetic5H.sccd#//@class.0/@scxml.0/@parallel.0/@states.6"/>
  </auxiliar:StateRef>
  <auxiliar:ElemRef inState="s6" id="E6">
    <elemPtr href="Synthetic5H.sccd#//@class.0/@scxml.0/@parallel.0/@states.6/@states.0/@ielement.0"/>
  </auxiliar:ElemRef>
  <auxiliar:StateRef id="s7" layer="LayerE7" hasElements="/82" inConfiguration="/66">
    <statePtr href="Synthetic5H.sccd#//@class.0/@scxml.0/@parallel.0/@states.7/@states.0"/>
    <layerPtr href="Synthetic5H.sccd#//@class.0/@scxml.0/@parallel.0/@states.7"/>
  </auxiliar:StateRef>
  <auxiliar:ElemRef inState="s7" id="E7">
    <elemPtr href="Synthetic5H.sccd#//@class.0/@scxml.0/@parallel.0/@states.7/@states.0/@ielement.0"/>
  </auxiliar:ElemRef>
  <auxiliar:StateRef id="s8" layer="LayerE8" hasElements="/84" inConfiguration="/66">
    <statePtr href="Synthetic5H.sccd#//@class.0/@scxml.0/@parallel.0/@states.8/@states.0"/>
    <layerPtr href="Synthetic5H.sccd#//@class.0/@scxml.0/@parallel.0/@states.8"/>
  </auxiliar:StateRef>
  <auxiliar:ElemRef inState="s8" id="E8">
    <elemPtr href="Synthetic5H.sccd#//@class.0/@scxml.0/@parallel.0/@states.8/@states.0/@ielement.0"/>
  </auxiliar:ElemRef>
  <auxiliar:StateRef id="s9" layer="LayerE9" hasElements="/86" inConfiguration="/66">
    <statePtr href="Synthetic5H.sccd#//@class.0/@scxml.0/@parallel.0/@states.9/@states.0"/>
    <layerPtr href="Synthetic5H.sccd#//@class.0/@scxml.0/@parallel.0/@states.9"/>
  </auxiliar:StateRef>
  <auxiliar:ElemRef inState="s9" id="E9">
    <elemPtr href="Synthetic5H.sccd#//@class.0/@scxml.0/@parallel.0/@states.9/@states.0/@ielement.0"/>
  </auxiliar:ElemRef>
  <auxiliar:StateRef id="s10" layer="LayerE10" hasElements="/96" isDirty="true" inConfiguration="/66">
    <statePtr href="Synthetic5H.sccd#//@class.0/@scxml.0/@parallel.0/@states.10/@states.0"/>
    <layerPtr href="Synthetic5H.sccd#//@class.0/@scxml.0/@parallel.0/@states.10"/>
  </auxiliar:StateRef>
  <auxiliar:ElemRef id="E10">
    <elemPtr href="Synthetic5H.sccd#//@class.0/@scxml.0/@parallel.0/@states.10/@states.0/@ielement.0"/>
  </auxiliar:ElemRef>
  <auxiliar:StateRef id="h00" layer="LayerControler" inConfiguration="/66">
    <statePtr href="Synthetic5H.sccd#//@class.0/@scxml.0/@parallel.0/@states.11/@states.0"/>
    <layerPtr href="Synthetic5H.sccd#//@class.0/@scxml.0/@parallel.0/@states.11"/>
  </auxiliar:StateRef>
  <auxiliar:DirtyState preCond="true">
    <elements href="../InModels/Synthetic5H.interaction#//@interactions.1/@hasStates.1/@conditions.1"/>
    <elements href="../InModels/Synthetic5H.interaction#//@interactions.1/@hasStates.1/@conditions.4"/>
    <elements href="../InModels/Synthetic5H.interaction#//@interactions.1/@hasStates.1/@conditions.5"/>
    <elements href="../InModels/Synthetic5H.interaction#//@interactions.1/@hasStates.1/@conditions.7"/>
  </auxiliar:DirtyState>
  <auxiliar:DirtyState>
    <elements href="../InModels/Synthetic5H.interaction#//@interactions.1/@hasStates.1/@conditions.0"/>
    <elements href="../InModels/Synthetic5H.interaction#//@interactions.1/@hasStates.1/@conditions.9"/>
  </auxiliar:DirtyState>
  <auxiliar:DirtyState>
    <elements href="../InModels/Synthetic5H.interaction#//@interactions.1/@hasStates.1/@conditions.2"/>
    <elements href="../InModels/Synthetic5H.interaction#//@interactions.1/@hasStates.1/@conditions.8"/>
  </auxiliar:DirtyState>
  <auxiliar:DirtyState>
    <elements href="../InModels/Synthetic5H.interaction#//@interactions.1/@hasStates.1/@conditions.3"/>
  </auxiliar:DirtyState>
  <auxiliar:DirtyState>
    <elements href="../InModels/Synthetic5H.interaction#//@interactions.1/@hasStates.1/@conditions.6"/>
  </auxiliar:DirtyState>
  <auxiliar:ElemRef inState="s2" id="23">
    <elemPtr href="Synthetic5H.sccd#//@class.0/@scxml.0/@parallel.0/@states.2/@states.0/@ielement.0"/>
  </auxiliar:ElemRef>
  <auxiliar:ElemRef inState="s10" id="E10">
    <elemPtr href="Synthetic5H.sccd#//@class.0/@scxml.0/@parallel.0/@states.10/@states.0/@ielement.0"/>
  </auxiliar:ElemRef>
  <auxiliar:ElemRef inState="s4" id="E4">
    <elemPtr href="Synthetic5H.sccd#//@class.0/@scxml.0/@parallel.0/@states.4/@states.0/@ielement.0"/>
  </auxiliar:ElemRef>
  <auxiliar:QueueElem states="s15 s1 s2 s3 s4 s16 s6 s7 s8 s9 s10 h00" elements="/100 /102 /104 /106 /108 /110 /112 /114 /116 /118 /120" tokenConfiguration="/0/@tokenConfigurations.3" dirtyElements="/104 /116 /110 /100"/>
  <auxiliar:StateRef id="s15" layer="LayerE2" hasElements="/100" isDirty="true" inConfiguration="/98">
    <statePtr href="Synthetic5H.sccd#//@class.0/@scxml.0/@parallel.0/@states.0/@states.2"/>
    <layerPtr href="Synthetic5H.sccd#//@class.0/@scxml.0/@parallel.0/@states.0"/>
  </auxiliar:StateRef>
  <auxiliar:ElemRef inState="s15" id="E2" value="1">
    <elemPtr href="Synthetic5H.sccd#//@class.0/@scxml.0/@parallel.0/@states.0/@states.2/@ielement.0"/>
  </auxiliar:ElemRef>
  <auxiliar:StateRef id="s1" layer="LayerE1" hasElements="/102" inConfiguration="/98">
    <statePtr href="Synthetic5H.sccd#//@class.0/@scxml.0/@parallel.0/@states.1/@states.0"/>
    <layerPtr href="Synthetic5H.sccd#//@class.0/@scxml.0/@parallel.0/@states.1"/>
  </auxiliar:StateRef>
  <auxiliar:ElemRef inState="s1" id="E1">
    <elemPtr href="Synthetic5H.sccd#//@class.0/@scxml.0/@parallel.0/@states.1/@states.0/@ielement.0"/>
  </auxiliar:ElemRef>
  <auxiliar:StateRef id="s2" layer="Layercanvas" hasElements="/126" isDirty="true" inConfiguration="/98">
    <statePtr href="Synthetic5H.sccd#//@class.0/@scxml.0/@parallel.0/@states.2/@states.0"/>
    <layerPtr href="Synthetic5H.sccd#//@class.0/@scxml.0/@parallel.0/@states.2"/>
  </auxiliar:StateRef>
  <auxiliar:ElemRef id="23">
    <elemPtr href="Synthetic5H.sccd#//@class.0/@scxml.0/@parallel.0/@states.2/@states.0/@ielement.0"/>
  </auxiliar:ElemRef>
  <auxiliar:StateRef id="s3" layer="LayerE3" hasElements="/106" inConfiguration="/98">
    <statePtr href="Synthetic5H.sccd#//@class.0/@scxml.0/@parallel.0/@states.3/@states.0"/>
    <layerPtr href="Synthetic5H.sccd#//@class.0/@scxml.0/@parallel.0/@states.3"/>
  </auxiliar:StateRef>
  <auxiliar:ElemRef inState="s3" id="E3">
    <elemPtr href="Synthetic5H.sccd#//@class.0/@scxml.0/@parallel.0/@states.3/@states.0/@ielement.0"/>
  </auxiliar:ElemRef>
  <auxiliar:StateRef id="s4" layer="LayerE4" hasElements="/108" inConfiguration="/98">
    <statePtr href="Synthetic5H.sccd#//@class.0/@scxml.0/@parallel.0/@states.4/@states.0"/>
    <layerPtr href="Synthetic5H.sccd#//@class.0/@scxml.0/@parallel.0/@states.4"/>
  </auxiliar:StateRef>
  <auxiliar:ElemRef inState="s4" id="E4">
    <elemPtr href="Synthetic5H.sccd#//@class.0/@scxml.0/@parallel.0/@states.4/@states.0/@ielement.0"/>
  </auxiliar:ElemRef>
  <auxiliar:StateRef id="s16" layer="LayerE5" hasElements="/110" isDirty="true" inConfiguration="/98">
    <statePtr href="Synthetic5H.sccd#//@class.0/@scxml.0/@parallel.0/@states.5/@states.2"/>
    <layerPtr href="Synthetic5H.sccd#//@class.0/@scxml.0/@parallel.0/@states.5"/>
  </auxiliar:StateRef>
  <auxiliar:ElemRef inState="s16" id="E5" value="1">
    <elemPtr href="Synthetic5H.sccd#//@class.0/@scxml.0/@parallel.0/@states.5/@states.2/@ielement.0"/>
  </auxiliar:ElemRef>
  <auxiliar:StateRef id="s6" layer="LayerE6" hasElements="/112" inConfiguration="/98">
    <statePtr href="Synthetic5H.sccd#//@class.0/@scxml.0/@parallel.0/@states.6/@states.0"/>
    <layerPtr href="Synthetic5H.sccd#//@class.0/@scxml.0/@parallel.0/@states.6"/>
  </auxiliar:StateRef>
  <auxiliar:ElemRef inState="s6" id="E6">
    <elemPtr href="Synthetic5H.sccd#//@class.0/@scxml.0/@parallel.0/@states.6/@states.0/@ielement.0"/>
  </auxiliar:ElemRef>
  <auxiliar:StateRef id="s7" layer="LayerE7" hasElements="/114" inConfiguration="/98">
    <statePtr href="Synthetic5H.sccd#//@class.0/@scxml.0/@parallel.0/@states.7/@states.0"/>
    <layerPtr href="Synthetic5H.sccd#//@class.0/@scxml.0/@parallel.0/@states.7"/>
  </auxiliar:StateRef>
  <auxiliar:ElemRef inState="s7" id="E7">
    <elemPtr href="Synthetic5H.sccd#//@class.0/@scxml.0/@parallel.0/@states.7/@states.0/@ielement.0"/>
  </auxiliar:ElemRef>
  <auxiliar:StateRef id="s8" layer="LayerE8" hasElements="/127" isDirty="true" inConfiguration="/98">
    <statePtr href="Synthetic5H.sccd#//@class.0/@scxml.0/@parallel.0/@states.8/@states.0"/>
    <layerPtr href="Synthetic5H.sccd#//@class.0/@scxml.0/@parallel.0/@states.8"/>
  </auxiliar:StateRef>
  <auxiliar:ElemRef id="E8">
    <elemPtr href="Synthetic5H.sccd#//@class.0/@scxml.0/@parallel.0/@states.8/@states.0/@ielement.0"/>
  </auxiliar:ElemRef>
  <auxiliar:StateRef id="s9" layer="LayerE9" hasElements="/118" inConfiguration="/98">
    <statePtr href="Synthetic5H.sccd#//@class.0/@scxml.0/@parallel.0/@states.9/@states.0"/>
    <layerPtr href="Synthetic5H.sccd#//@class.0/@scxml.0/@parallel.0/@states.9"/>
  </auxiliar:StateRef>
  <auxiliar:ElemRef inState="s9" id="E9">
    <elemPtr href="Synthetic5H.sccd#//@class.0/@scxml.0/@parallel.0/@states.9/@states.0/@ielement.0"/>
  </auxiliar:ElemRef>
  <auxiliar:StateRef id="s10" layer="LayerE10" hasElements="/120" inConfiguration="/98">
    <statePtr href="Synthetic5H.sccd#//@class.0/@scxml.0/@parallel.0/@states.10/@states.0"/>
    <layerPtr href="Synthetic5H.sccd#//@class.0/@scxml.0/@parallel.0/@states.10"/>
  </auxiliar:StateRef>
  <auxiliar:ElemRef inState="s10" id="E10">
    <elemPtr href="Synthetic5H.sccd#//@class.0/@scxml.0/@parallel.0/@states.10/@states.0/@ielement.0"/>
  </auxiliar:ElemRef>
  <auxiliar:StateRef id="h00" layer="LayerControler" inConfiguration="/98">
    <statePtr href="Synthetic5H.sccd#//@class.0/@scxml.0/@parallel.0/@states.11/@states.0"/>
    <layerPtr href="Synthetic5H.sccd#//@class.0/@scxml.0/@parallel.0/@states.11"/>
  </auxiliar:StateRef>
  <auxiliar:DirtyState preCond="true"/>
  <auxiliar:DirtyState preCond="true"/>
  <auxiliar:DirtyState>
    <elements href="../InModels/Synthetic5H.interaction#//@interactions.0/@hasStates.1/@conditions.0"/>
  </auxiliar:DirtyState>
  <auxiliar:DirtyState>
    <elements href="../InModels/Synthetic5H.interaction#//@interactions.0/@hasStates.1/@conditions.1"/>
  </auxiliar:DirtyState>
  <auxiliar:ElemRef inState="s2" id="23">
    <elemPtr href="Synthetic5H.sccd#//@class.0/@scxml.0/@parallel.0/@states.2/@states.0/@ielement.0"/>
  </auxiliar:ElemRef>
  <auxiliar:ElemRef inState="s8" id="E8">
    <elemPtr href="Synthetic5H.sccd#//@class.0/@scxml.0/@parallel.0/@states.8/@states.0/@ielement.0"/>
  </auxiliar:ElemRef>
</xmi:XMI>
