<?xml version="1.0" encoding="ASCII"?>
<xmi:XMI xmi:version="2.0" xmlns:xmi="http://www.omg.org/XMI" xmlns:xsi="http://www.w3.org/2001/XMLSchema-instance" xmlns:auxiliar="http:\\geodes.iro.ca\auxiliar" xsi:schemaLocation="http:\\geodes.iro.ca\auxiliar ../../../ca.umontreal.iro.geodes.interaction.transformation2scd/Models/auxiliar.ecore">
  <auxiliar:Controll alphaParents="/1 /2 /3 /4 /5 /6 /7 /8 /9 /10 /11 /12">
    <rules name="R1">
      <rulePtr href="../InModels/Synthetic25G.interaction#//@interactions.0"/>
    </rules>
    <rules name="R2">
      <rulePtr href="../InModels/Synthetic25G.interaction#//@interactions.1"/>
    </rules>
    <rules name="R3">
      <rulePtr href="../InModels/Synthetic25G.interaction#//@interactions.2"/>
    </rules>
    <rules name="R4">
      <rulePtr href="../InModels/Synthetic25G.interaction#//@interactions.3"/>
    </rules>
    <rules name="R5">
      <rulePtr href="../InModels/Synthetic25G.interaction#//@interactions.4"/>
    </rules>
    <rules name="R6">
      <rulePtr href="../InModels/Synthetic25G.interaction#//@interactions.5"/>
    </rules>
    <rules name="R7">
      <rulePtr href="../InModels/Synthetic25G.interaction#//@interactions.6"/>
    </rules>
    <rules name="R8">
      <rulePtr href="../InModels/Synthetic25G.interaction#//@interactions.7"/>
    </rules>
    <rules name="R9">
      <rulePtr href="../InModels/Synthetic25G.interaction#//@interactions.8"/>
    </rules>
    <rules name="R10">
      <rulePtr href="../InModels/Synthetic25G.interaction#//@interactions.9"/>
    </rules>
    <rules name="R11">
      <rulePtr href="../InModels/Synthetic25G.interaction#//@interactions.10"/>
    </rules>
    <rules name="R12">
      <rulePtr href="../InModels/Synthetic25G.interaction#//@interactions.11"/>
    </rules>
    <rules name="R13">
      <rulePtr href="../InModels/Synthetic25G.interaction#//@interactions.12"/>
    </rules>
    <rules name="R14">
      <rulePtr href="../InModels/Synthetic25G.interaction#//@interactions.13"/>
    </rules>
    <rules name="R15">
      <rulePtr href="../InModels/Synthetic25G.interaction#//@interactions.14"/>
    </rules>
    <rules name="R16">
      <rulePtr href="../InModels/Synthetic25G.interaction#//@interactions.15"/>
    </rules>
    <rules name="R17">
      <rulePtr href="../InModels/Synthetic25G.interaction#//@interactions.16"/>
    </rules>
    <rules name="R18">
      <rulePtr href="../InModels/Synthetic25G.interaction#//@interactions.17"/>
    </rules>
    <rules name="R19">
      <rulePtr href="../InModels/Synthetic25G.interaction#//@interactions.18"/>
    </rules>
    <rules name="R20">
      <rulePtr href="../InModels/Synthetic25G.interaction#//@interactions.19"/>
    </rules>
    <rules name="R21">
      <rulePtr href="../InModels/Synthetic25G.interaction#//@interactions.20"/>
    </rules>
    <rules name="R22">
      <rulePtr href="../InModels/Synthetic25G.interaction#//@interactions.21"/>
    </rules>
    <rules name="R23">
      <rulePtr href="../InModels/Synthetic25G.interaction#//@interactions.22"/>
    </rules>
    <rules name="R24">
      <rulePtr href="../InModels/Synthetic25G.interaction#//@interactions.23"/>
    </rules>
    <rules name="R25">
      <rulePtr href="../InModels/Synthetic25G.interaction#//@interactions.24"/>
    </rules>
    <parameters xsi:type="auxiliar:AlphaNodeParam" tokenIndex="0" ruleParameterID="null"/>
    <parameters xsi:type="auxiliar:AlphaNodeParam" tokenIndex="2" toBeta="/0/@desisions.0" ruleParameterID="23" inLayer="/0/@parameters.2"/>
    <parameters xsi:type="auxiliar:AlphaNodeLayer" tokenIndex="3" toBeta="/0/@desisions.0 /0/@desisions.1 /0/@desisions.3 /0/@desisions.4 /0/@desisions.6 /0/@desisions.8 /0/@desisions.12 /0/@desisions.13" hasParams="23 23 23 23 23 23 23 23 23 23 23 23" layerID="Layercanvas"/>
    <parameters xsi:type="auxiliar:AlphaNodeParam" tokenIndex="4" toBeta="/0/@desisions.0" ruleParameterID="23" inLayer="/0/@parameters.2"/>
    <parameters xsi:type="auxiliar:AlphaNodeParam" tokenIndex="5" toBeta="/0/@desisions.0" ruleParameterID="23" inLayer="/0/@parameters.2"/>
    <parameters xsi:type="auxiliar:AlphaNodeParam" tokenIndex="6" toBeta="/0/@desisions.0 /0/@desisions.2 /0/@desisions.3 /0/@desisions.7 /0/@desisions.12 /0/@desisions.14 /0/@desisions.15 /0/@desisions.18" ruleParameterID="E1" value="1" inLayer="/0/@parameters.6"/>
    <parameters xsi:type="auxiliar:AlphaNodeLayer" tokenIndex="7" toBeta="/0/@desisions.0 /0/@desisions.1 /0/@desisions.2 /0/@desisions.3 /0/@desisions.7 /0/@desisions.12 /0/@desisions.14 /0/@desisions.15 /0/@desisions.18 /0/@desisions.23" hasParams="E1 E1 E1 E1 E1" layerID="LayerE1"/>
    <parameters xsi:type="auxiliar:AlphaNodeParam" tokenIndex="8" toBeta="/0/@desisions.0 /0/@desisions.2 /0/@desisions.4 /0/@desisions.5 /0/@desisions.6 /0/@desisions.9 /0/@desisions.12 /0/@desisions.14 /0/@desisions.20 /0/@desisions.21 /0/@desisions.22 /0/@desisions.23" ruleParameterID="E5" inLayer="/0/@parameters.8"/>
    <parameters xsi:type="auxiliar:AlphaNodeLayer" tokenIndex="9" toBeta="/0/@desisions.0 /0/@desisions.2 /0/@desisions.4 /0/@desisions.5 /0/@desisions.6 /0/@desisions.9 /0/@desisions.12 /0/@desisions.14 /0/@desisions.20 /0/@desisions.21 /0/@desisions.22 /0/@desisions.23" hasParams="E5" layerID="LayerE5"/>
    <parameters xsi:type="auxiliar:AlphaNodeParam" tokenIndex="10" toBeta="/0/@desisions.0 /0/@desisions.1 /0/@desisions.3 /0/@desisions.4 /0/@desisions.5 /0/@desisions.9 /0/@desisions.13 /0/@desisions.22" ruleParameterID="E7" value="1" inLayer="/0/@parameters.10"/>
    <parameters xsi:type="auxiliar:AlphaNodeLayer" tokenIndex="11" toBeta="/0/@desisions.0 /0/@desisions.1 /0/@desisions.2 /0/@desisions.3 /0/@desisions.4 /0/@desisions.5 /0/@desisions.6 /0/@desisions.9 /0/@desisions.11 /0/@desisions.12 /0/@desisions.13 /0/@desisions.21 /0/@desisions.22" hasParams="E7 E7 E7 E7 E7 E7 E7" layerID="LayerE7"/>
    <parameters xsi:type="auxiliar:AlphaNodeParam" tokenIndex="12" toBeta="/0/@desisions.0" ruleParameterID="23" inLayer="/0/@parameters.2"/>
    <parameters xsi:type="auxiliar:AlphaNodeParam" tokenIndex="13" toBeta="/0/@desisions.0 /0/@desisions.6 /0/@desisions.10 /0/@desisions.12 /0/@desisions.13 /0/@desisions.22 /0/@desisions.23" ruleParameterID="E3" value="1" inLayer="/0/@parameters.13"/>
    <parameters xsi:type="auxiliar:AlphaNodeLayer" tokenIndex="14" toBeta="/0/@desisions.0 /0/@desisions.3 /0/@desisions.4 /0/@desisions.5 /0/@desisions.6 /0/@desisions.9 /0/@desisions.10 /0/@desisions.12 /0/@desisions.13 /0/@desisions.14 /0/@desisions.15 /0/@desisions.17 /0/@desisions.20 /0/@desisions.22 /0/@desisions.23" hasParams="E3 E3 E3 E3 E3 E3 E3 E3" layerID="LayerE3"/>
    <parameters xsi:type="auxiliar:AlphaNodeParam" tokenIndex="16" toBeta="/0/@desisions.1 /0/@desisions.2 /0/@desisions.13 /0/@desisions.14 /0/@desisions.21 /0/@desisions.23" ruleParameterID="E6" inLayer="/0/@parameters.15"/>
    <parameters xsi:type="auxiliar:AlphaNodeLayer" tokenIndex="17" toBeta="/0/@desisions.1 /0/@desisions.2 /0/@desisions.3 /0/@desisions.5 /0/@desisions.6 /0/@desisions.13 /0/@desisions.14 /0/@desisions.21 /0/@desisions.23 /0/@desisions.24" hasParams="E6 E6 E6 E6" layerID="LayerE6"/>
    <parameters xsi:type="auxiliar:AlphaNodeParam" tokenIndex="18" toBeta="/0/@desisions.1 /0/@desisions.14" ruleParameterID="E1" inLayer="/0/@parameters.6"/>
    <parameters xsi:type="auxiliar:AlphaNodeParam" tokenIndex="19" toBeta="/0/@desisions.1" ruleParameterID="23" inLayer="/0/@parameters.2"/>
    <parameters xsi:type="auxiliar:AlphaNodeParam" tokenIndex="20" toBeta="/0/@desisions.1 /0/@desisions.3 /0/@desisions.6 /0/@desisions.10 /0/@desisions.13 /0/@desisions.14 /0/@desisions.17 /0/@desisions.22" ruleParameterID="E4" inLayer="/0/@parameters.19"/>
    <parameters xsi:type="auxiliar:AlphaNodeLayer" tokenIndex="21" toBeta="/0/@desisions.1 /0/@desisions.2 /0/@desisions.3 /0/@desisions.6 /0/@desisions.10 /0/@desisions.13 /0/@desisions.14 /0/@desisions.16 /0/@desisions.17 /0/@desisions.21 /0/@desisions.22" hasParams="E4 E4 E4" layerID="LayerE4"/>
    <parameters xsi:type="auxiliar:AlphaNodeParam" tokenIndex="23" toBeta="/0/@desisions.2" ruleParameterID="E7" value="2" inLayer="/0/@parameters.10"/>
    <parameters xsi:type="auxiliar:AlphaNodeParam" tokenIndex="24" toBeta="/0/@desisions.2 /0/@desisions.3 /0/@desisions.4 /0/@desisions.11 /0/@desisions.12 /0/@desisions.13 /0/@desisions.19" ruleParameterID="E9" value="1" inLayer="/0/@parameters.22"/>
    <parameters xsi:type="auxiliar:AlphaNodeLayer" tokenIndex="25" toBeta="/0/@desisions.2 /0/@desisions.3 /0/@desisions.4 /0/@desisions.11 /0/@desisions.12 /0/@desisions.13 /0/@desisions.19" hasParams="E9" layerID="LayerE9"/>
    <parameters xsi:type="auxiliar:AlphaNodeParam" tokenIndex="26" toBeta="/0/@desisions.2 /0/@desisions.6" ruleParameterID="E4" value="1" inLayer="/0/@parameters.19"/>
    <parameters xsi:type="auxiliar:AlphaNodeParam" tokenIndex="27" toBeta="/0/@desisions.2 /0/@desisions.3 /0/@desisions.5 /0/@desisions.6 /0/@desisions.24" ruleParameterID="E6" value="1" inLayer="/0/@parameters.15"/>
    <parameters xsi:type="auxiliar:AlphaNodeParam" tokenIndex="29" toBeta="/0/@desisions.3" ruleParameterID="23" inLayer="/0/@parameters.2"/>
    <parameters xsi:type="auxiliar:AlphaNodeParam" tokenIndex="30" toBeta="/0/@desisions.3" ruleParameterID="E1" value="3" inLayer="/0/@parameters.6"/>
    <parameters xsi:type="auxiliar:AlphaNodeParam" tokenIndex="31" toBeta="/0/@desisions.3 /0/@desisions.4 /0/@desisions.9 /0/@desisions.20" ruleParameterID="E3" inLayer="/0/@parameters.13"/>
    <parameters xsi:type="auxiliar:AlphaNodeParam" tokenIndex="33" toBeta="/0/@desisions.4" ruleParameterID="23" inLayer="/0/@parameters.2"/>
    <parameters xsi:type="auxiliar:AlphaNodeParam" tokenIndex="34" toBeta="/0/@desisions.4 /0/@desisions.5" ruleParameterID="E3" value="2" inLayer="/0/@parameters.13"/>
    <parameters xsi:type="auxiliar:AlphaNodeParam" tokenIndex="35" toBeta="/0/@desisions.4" ruleParameterID="23" inLayer="/0/@parameters.2"/>
    <parameters xsi:type="auxiliar:AlphaNodeParam" tokenIndex="37" toBeta="/0/@desisions.5" ruleParameterID="E3" value="3" inLayer="/0/@parameters.13"/>
    <parameters xsi:type="auxiliar:AlphaNodeParam" tokenIndex="38" toBeta="/0/@desisions.5 /0/@desisions.13 /0/@desisions.23" ruleParameterID="E8" inLayer="/0/@parameters.33"/>
    <parameters xsi:type="auxiliar:AlphaNodeLayer" tokenIndex="39" toBeta="/0/@desisions.5 /0/@desisions.13 /0/@desisions.17 /0/@desisions.23" hasParams="E8 E8" layerID="LayerE8"/>
    <parameters xsi:type="auxiliar:AlphaNodeParam" tokenIndex="41" toBeta="/0/@desisions.6" ruleParameterID="E7" value="3" inLayer="/0/@parameters.10"/>
    <parameters xsi:type="auxiliar:AlphaNodeParam" tokenIndex="42" toBeta="/0/@desisions.6" ruleParameterID="23" inLayer="/0/@parameters.2"/>
    <parameters xsi:type="auxiliar:AlphaNodeParam" tokenIndex="43" toBeta="/0/@desisions.6" ruleParameterID="E6" value="2" inLayer="/0/@parameters.15"/>
    <parameters xsi:type="auxiliar:AlphaNodeParam" tokenIndex="44" toBeta="/0/@desisions.6 /0/@desisions.20" ruleParameterID="E3" value="4" inLayer="/0/@parameters.13"/>
    <parameters xsi:type="auxiliar:AlphaNodeParam" tokenIndex="47" toBeta="/0/@desisions.8 /0/@desisions.11 /0/@desisions.16 /0/@desisions.21" ruleParameterID="E2" value="2" inLayer="/0/@parameters.39"/>
    <parameters xsi:type="auxiliar:AlphaNodeLayer" tokenIndex="48" toBeta="/0/@desisions.8 /0/@desisions.11 /0/@desisions.12 /0/@desisions.14 /0/@desisions.16 /0/@desisions.19 /0/@desisions.21 /0/@desisions.22" hasParams="E2 E2 E2 E2" layerID="LayerE2"/>
    <parameters xsi:type="auxiliar:AlphaNodeParam" tokenIndex="49" toBeta="/0/@desisions.8" ruleParameterID="23" inLayer="/0/@parameters.2"/>
    <parameters xsi:type="auxiliar:AlphaNodeParam" tokenIndex="53" toBeta="/0/@desisions.11" ruleParameterID="E7" inLayer="/0/@parameters.10"/>
    <parameters xsi:type="auxiliar:AlphaNodeParam" tokenIndex="54" toBeta="/0/@desisions.11 /0/@desisions.14 /0/@desisions.22" ruleParameterID="E2" value="4" inLayer="/0/@parameters.39"/>
    <parameters xsi:type="auxiliar:AlphaNodeParam" tokenIndex="56" toBeta="/0/@desisions.12" ruleParameterID="E2" value="1" inLayer="/0/@parameters.39"/>
    <parameters xsi:type="auxiliar:AlphaNodeParam" tokenIndex="57" toBeta="/0/@desisions.12" ruleParameterID="E7" value="4" inLayer="/0/@parameters.10"/>
    <parameters xsi:type="auxiliar:AlphaNodeParam" tokenIndex="58" toBeta="/0/@desisions.12" ruleParameterID="23" inLayer="/0/@parameters.2"/>
    <parameters xsi:type="auxiliar:AlphaNodeParam" tokenIndex="59" toBeta="/0/@desisions.12" ruleParameterID="E7" value="5" inLayer="/0/@parameters.10"/>
    <parameters xsi:type="auxiliar:AlphaNodeParam" tokenIndex="61" toBeta="/0/@desisions.13" ruleParameterID="23" inLayer="/0/@parameters.2"/>
    <parameters xsi:type="auxiliar:AlphaNodeParam" tokenIndex="63" toBeta="/0/@desisions.14" ruleParameterID="E3" value="5" inLayer="/0/@parameters.13"/>
    <parameters xsi:type="auxiliar:AlphaNodeParam" tokenIndex="64" toBeta="/0/@desisions.14 /0/@desisions.15 /0/@desisions.23" ruleParameterID="E10" value="4" inLayer="/0/@parameters.50"/>
    <parameters xsi:type="auxiliar:AlphaNodeLayer" tokenIndex="65" toBeta="/0/@desisions.14 /0/@desisions.15 /0/@desisions.16 /0/@desisions.23" hasParams="E10 E10 E10" layerID="LayerE10"/>
    <parameters xsi:type="auxiliar:AlphaNodeParam" tokenIndex="66" toBeta="/0/@desisions.14" ruleParameterID="E10" value="2" inLayer="/0/@parameters.50"/>
    <parameters xsi:type="auxiliar:AlphaNodeParam" tokenIndex="68" toBeta="/0/@desisions.15" ruleParameterID="E3" value="6" inLayer="/0/@parameters.13"/>
    <parameters xsi:type="auxiliar:AlphaNodeParam" tokenIndex="70" toBeta="/0/@desisions.16 /0/@desisions.21" ruleParameterID="E4" value="3" inLayer="/0/@parameters.19"/>
    <parameters xsi:type="auxiliar:AlphaNodeParam" tokenIndex="71" toBeta="/0/@desisions.16" ruleParameterID="E10" value="5" inLayer="/0/@parameters.50"/>
    <parameters xsi:type="auxiliar:AlphaNodeParam" tokenIndex="73" toBeta="/0/@desisions.17" ruleParameterID="E3" value="7" inLayer="/0/@parameters.13"/>
    <parameters xsi:type="auxiliar:AlphaNodeParam" tokenIndex="74" toBeta="/0/@desisions.17" ruleParameterID="E8" value="3" inLayer="/0/@parameters.33"/>
    <parameters xsi:type="auxiliar:AlphaNodeParam" tokenIndex="77" toBeta="/0/@desisions.19" ruleParameterID="E2" value="5" inLayer="/0/@parameters.39"/>
    <parameters xsi:type="auxiliar:AlphaNodeParam" tokenIndex="80" toBeta="/0/@desisions.21" ruleParameterID="E7" value="7" inLayer="/0/@parameters.10"/>
    <parameters xsi:type="auxiliar:AlphaNodeParam" tokenIndex="83" toBeta="/0/@desisions.23" ruleParameterID="E6" value="4" inLayer="/0/@parameters.15"/>
    <parameters xsi:type="auxiliar:AlphaNodeParam" tokenIndex="84" toBeta="/0/@desisions.23" ruleParameterID="E1" value="7" inLayer="/0/@parameters.6"/>
    <parameters xsi:type="auxiliar:AlphaNodeParam" tokenIndex="85" toBeta="/0/@desisions.23" ruleParameterID="E1" value="8" inLayer="/0/@parameters.6"/>
    <desisions tokenIndex="1" positiveValue="8" rule="/0/@rules.0" fromAlpha="23 /0/@parameters.2 23 23 E1 /0/@parameters.6 E5 /0/@parameters.8 E7 /0/@parameters.10 23 E3 /0/@parameters.13"/>
    <desisions tokenIndex="15" positiveValue="6" rule="/0/@rules.1" fromAlpha="E6 /0/@parameters.15 E1 /0/@parameters.6 E7 /0/@parameters.10 23 /0/@parameters.2 E4 /0/@parameters.19"/>
    <desisions tokenIndex="22" positiveValue="7" rule="/0/@rules.2" fromAlpha="E5 /0/@parameters.8 E7 /0/@parameters.10 E9 /0/@parameters.22 E6 /0/@parameters.15 E1 /0/@parameters.6 E4 /0/@parameters.19 E6"/>
    <desisions tokenIndex="28" positiveValue="10" rule="/0/@rules.3" fromAlpha="E6 /0/@parameters.15 E9 /0/@parameters.22 23 /0/@parameters.2 E1 /0/@parameters.6 E1 E7 /0/@parameters.10 E3 /0/@parameters.13 E4 /0/@parameters.19"/>
    <desisions tokenIndex="32" positiveValue="8" rule="/0/@rules.4" fromAlpha="23 /0/@parameters.2 E3 /0/@parameters.13 E3 23 E5 /0/@parameters.8 E7 /0/@parameters.10 E9 /0/@parameters.22"/>
    <desisions tokenIndex="36" positiveValue="6" rule="/0/@rules.5" fromAlpha="E3 /0/@parameters.13 E3 E7 /0/@parameters.10 E5 /0/@parameters.8 E8 /0/@parameters.33 E6 /0/@parameters.15"/>
    <desisions tokenIndex="40" positiveValue="10" rule="/0/@rules.6" fromAlpha="E7 /0/@parameters.10 E5 /0/@parameters.8 E6 /0/@parameters.15 E3 /0/@parameters.13 23 /0/@parameters.2 E4 /0/@parameters.19 E6 E3 E4"/>
    <desisions tokenIndex="45" positiveValue="1" rule="/0/@rules.7" fromAlpha="E1 /0/@parameters.6"/>
    <desisions tokenIndex="46" positiveValue="2" rule="/0/@rules.8" fromAlpha="E2 /0/@parameters.39 23 /0/@parameters.2"/>
    <desisions tokenIndex="50" positiveValue="3" rule="/0/@rules.9" fromAlpha="E7 /0/@parameters.10 E5 /0/@parameters.8 E3 /0/@parameters.13"/>
    <desisions tokenIndex="51" positiveValue="2" rule="/0/@rules.10" fromAlpha="E4 /0/@parameters.19 E3 /0/@parameters.13"/>
    <desisions tokenIndex="52" positiveValue="4" rule="/0/@rules.11" fromAlpha="E2 /0/@parameters.39 E9 /0/@parameters.22 E7 /0/@parameters.10 E2"/>
    <desisions tokenIndex="55" positiveValue="9" rule="/0/@rules.12" fromAlpha="E1 /0/@parameters.6 E3 /0/@parameters.13 E5 /0/@parameters.8 E2 /0/@parameters.39 E7 /0/@parameters.10 E9 /0/@parameters.22 23 /0/@parameters.2 E7"/>
    <desisions tokenIndex="60" positiveValue="9" rule="/0/@rules.13" fromAlpha="E3 /0/@parameters.13 E8 /0/@parameters.33 E6 /0/@parameters.15 E7 /0/@parameters.10 E9 /0/@parameters.22 E4 /0/@parameters.19 23 /0/@parameters.2"/>
    <desisions tokenIndex="62" positiveValue="9" rule="/0/@rules.14" fromAlpha="E6 /0/@parameters.15 E3 /0/@parameters.13 E5 /0/@parameters.8 E1 /0/@parameters.6 E1 E10 /0/@parameters.50 E10 E4 /0/@parameters.19 E2 /0/@parameters.39"/>
    <desisions tokenIndex="67" positiveValue="3" rule="/0/@rules.15" fromAlpha="E3 /0/@parameters.13 E1 /0/@parameters.6 E10 /0/@parameters.50"/>
    <desisions tokenIndex="69" positiveValue="3" rule="/0/@rules.16" fromAlpha="E2 /0/@parameters.39 E4 /0/@parameters.19 E10 /0/@parameters.50"/>
    <desisions tokenIndex="72" positiveValue="3" rule="/0/@rules.17" fromAlpha="E3 /0/@parameters.13 E8 /0/@parameters.33 E4 /0/@parameters.19"/>
    <desisions tokenIndex="75" positiveValue="1" rule="/0/@rules.18" fromAlpha="E1 /0/@parameters.6"/>
    <desisions tokenIndex="76" positiveValue="2" rule="/0/@rules.19" fromAlpha="E2 /0/@parameters.39 E9 /0/@parameters.22"/>
    <desisions tokenIndex="78" positiveValue="4" rule="/0/@rules.20" fromAlpha="E5 /0/@parameters.8 E3 /0/@parameters.13 E3"/>
    <desisions tokenIndex="79" positiveValue="6" rule="/0/@rules.21" fromAlpha="E5 /0/@parameters.8 E2 /0/@parameters.39 E7 /0/@parameters.10 E6 /0/@parameters.15 E4 /0/@parameters.19"/>
    <desisions tokenIndex="81" positiveValue="5" rule="/0/@rules.22" fromAlpha="E7 /0/@parameters.10 E3 /0/@parameters.13 E4 /0/@parameters.19 E5 /0/@parameters.8 E2 /0/@parameters.39"/>
    <desisions tokenIndex="82" positiveValue="10" rule="/0/@rules.23" fromAlpha="E6 /0/@parameters.15 E10 /0/@parameters.50 E6 E1 /0/@parameters.6 E1 E3 /0/@parameters.13 E5 /0/@parameters.8 E8 /0/@parameters.33"/>
    <desisions tokenIndex="86" positiveValue="1" rule="/0/@rules.24" fromAlpha="E6 /0/@parameters.15"/>
    <tokenConfigurations tokenID="/13">
      <tokens/>
      <tokens isDirty="true" tokenValue="true" numberOfTokens="5"/>
      <tokens isDirty="true" tokenValue="true"/>
      <tokens isDirty="true"/>
      <tokens isDirty="true" tokenValue="true"/>
      <tokens isDirty="true" tokenValue="true"/>
      <tokens isDirty="true"/>
      <tokens isDirty="true"/>
      <tokens isDirty="true" tokenValue="true"/>
      <tokens isDirty="true"/>
      <tokens isDirty="true"/>
      <tokens isDirty="true"/>
      <tokens isDirty="true" tokenValue="true"/>
      <tokens isDirty="true"/>
      <tokens isDirty="true"/>
      <tokens isDirty="true" tokenValue="true" numberOfTokens="4"/>
      <tokens isDirty="true" tokenValue="true"/>
      <tokens isDirty="true"/>
      <tokens isDirty="true" tokenValue="true"/>
      <tokens isDirty="true" tokenValue="true"/>
      <tokens isDirty="true" tokenValue="true"/>
      <tokens isDirty="true"/>
      <tokens isDirty="true" tokenValue="true" numberOfTokens="2"/>
      <tokens isDirty="true"/>
      <tokens isDirty="true"/>
      <tokens/>
      <tokens isDirty="true"/>
      <tokens isDirty="true"/>
      <tokens isDirty="true" tokenValue="true" numberOfTokens="3"/>
      <tokens isDirty="true" tokenValue="true"/>
      <tokens isDirty="true"/>
      <tokens isDirty="true" tokenValue="true"/>
      <tokens isDirty="true" tokenValue="true" numberOfTokens="4"/>
      <tokens isDirty="true" tokenValue="true"/>
      <tokens isDirty="true"/>
      <tokens isDirty="true" tokenValue="true"/>
      <tokens isDirty="true" tokenValue="true" numberOfTokens="2"/>
      <tokens isDirty="true"/>
      <tokens isDirty="true" tokenValue="true"/>
      <tokens isDirty="true"/>
      <tokens isDirty="true" tokenValue="true" numberOfTokens="3"/>
      <tokens isDirty="true"/>
      <tokens isDirty="true" tokenValue="true"/>
      <tokens isDirty="true"/>
      <tokens isDirty="true"/>
      <tokens isDirty="true"/>
      <tokens isDirty="true" tokenValue="true" numberOfTokens="1"/>
      <tokens isDirty="true"/>
      <tokens/>
      <tokens isDirty="true" tokenValue="true"/>
      <tokens isDirty="true" tokenValue="true" numberOfTokens="2"/>
      <tokens isDirty="true" tokenValue="true" numberOfTokens="1"/>
      <tokens isDirty="true" tokenValue="true" numberOfTokens="1"/>
      <tokens isDirty="true" tokenValue="true"/>
      <tokens isDirty="true"/>
      <tokens isDirty="true" tokenValue="true" numberOfTokens="2"/>
      <tokens isDirty="true"/>
      <tokens isDirty="true"/>
      <tokens isDirty="true" tokenValue="true"/>
      <tokens isDirty="true"/>
      <tokens isDirty="true" tokenValue="true" numberOfTokens="4"/>
      <tokens isDirty="true" tokenValue="true"/>
      <tokens isDirty="true" tokenValue="true" numberOfTokens="4"/>
      <tokens isDirty="true"/>
      <tokens isDirty="true"/>
      <tokens/>
      <tokens isDirty="true"/>
      <tokens isDirty="true"/>
      <tokens isDirty="true"/>
      <tokens isDirty="true"/>
      <tokens isDirty="true"/>
      <tokens isDirty="true"/>
      <tokens isDirty="true" tokenValue="true" numberOfTokens="1"/>
      <tokens isDirty="true"/>
      <tokens isDirty="true"/>
      <tokens isDirty="true"/>
      <tokens/>
      <tokens isDirty="true"/>
      <tokens isDirty="true" tokenValue="true" numberOfTokens="2"/>
      <tokens isDirty="true" tokenValue="true" numberOfTokens="2"/>
      <tokens isDirty="true"/>
      <tokens isDirty="true" tokenValue="true" numberOfTokens="2"/>
      <tokens isDirty="true" tokenValue="true" numberOfTokens="3"/>
      <tokens isDirty="true"/>
      <tokens isDirty="true"/>
      <tokens isDirty="true"/>
      <tokens isDirty="true"/>
    </tokenConfigurations>
  </auxiliar:Controll>
  <auxiliar:AlphaParent alphas="null" ruleParameterID="null"/>
  <auxiliar:AlphaParent alphas="23 23 23 23 23 23 23 23 23 23 23 23" ruleParameterID="23"/>
  <auxiliar:AlphaParent alphas="E1 E1 E1 E1 E1" ruleParameterID="E1"/>
  <auxiliar:AlphaParent alphas="E5" ruleParameterID="E5"/>
  <auxiliar:AlphaParent alphas="E7 E7 E7 E7 E7 E7 E7" ruleParameterID="E7"/>
  <auxiliar:AlphaParent alphas="E3 E3 E3 E3 E3 E3 E3 E3" ruleParameterID="E3"/>
  <auxiliar:AlphaParent alphas="E6 E6 E6 E6" ruleParameterID="E6"/>
  <auxiliar:AlphaParent alphas="E4 E4 E4" ruleParameterID="E4"/>
  <auxiliar:AlphaParent alphas="E9" ruleParameterID="E9"/>
  <auxiliar:AlphaParent alphas="E8 E8" ruleParameterID="E8"/>
  <auxiliar:AlphaParent alphas="E2 E2 E2 E2" ruleParameterID="E2"/>
  <auxiliar:AlphaParent alphas="E10 E10 E10" ruleParameterID="E10"/>
  <auxiliar:QueueElem states="s0 s1 s2 s3 s4 s5 s6 s7 s8 s9 s10 h00" elements="/15 /17 /19 /21 /23 /25 /27 /29 /31 /33 /35" tokenConfiguration="/0/@tokenConfigurations.0" dirtyElements="/15 /17 /19 /21 /23 /25 /27 /29 /31 /33 /35"/>
  <auxiliar:StateRef id="s0" layer="LayerE2" hasElements="/15" inConfiguration="/13">
    <statePtr href="Synthetic25G.sccd#//@class.0/@scxml.0/@parallel.0/@states.0/@states.0"/>
    <layerPtr href="Synthetic25G.sccd#//@class.0/@scxml.0/@parallel.0/@states.0"/>
  </auxiliar:StateRef>
  <auxiliar:ElemRef inState="s0" id="E2">
    <elemPtr href="Synthetic25G.sccd#//@class.0/@scxml.0/@parallel.0/@states.0/@states.0/@ielement.0"/>
  </auxiliar:ElemRef>
  <auxiliar:StateRef id="s1" layer="LayerE1" hasElements="/17" inConfiguration="/13">
    <statePtr href="Synthetic25G.sccd#//@class.0/@scxml.0/@parallel.0/@states.1/@states.0"/>
    <layerPtr href="Synthetic25G.sccd#//@class.0/@scxml.0/@parallel.0/@states.1"/>
  </auxiliar:StateRef>
  <auxiliar:ElemRef inState="s1" id="E1">
    <elemPtr href="Synthetic25G.sccd#//@class.0/@scxml.0/@parallel.0/@states.1/@states.0/@ielement.0"/>
  </auxiliar:ElemRef>
  <auxiliar:StateRef id="s2" layer="Layercanvas" hasElements="/19" inConfiguration="/13">
    <statePtr href="Synthetic25G.sccd#//@class.0/@scxml.0/@parallel.0/@states.2/@states.0"/>
    <layerPtr href="Synthetic25G.sccd#//@class.0/@scxml.0/@parallel.0/@states.2"/>
  </auxiliar:StateRef>
  <auxiliar:ElemRef inState="s2" id="23">
    <elemPtr href="Synthetic25G.sccd#//@class.0/@scxml.0/@parallel.0/@states.2/@states.0/@ielement.0"/>
  </auxiliar:ElemRef>
  <auxiliar:StateRef id="s3" layer="LayerE3" hasElements="/21" inConfiguration="/13">
    <statePtr href="Synthetic25G.sccd#//@class.0/@scxml.0/@parallel.0/@states.3/@states.0"/>
    <layerPtr href="Synthetic25G.sccd#//@class.0/@scxml.0/@parallel.0/@states.3"/>
  </auxiliar:StateRef>
  <auxiliar:ElemRef inState="s3" id="E3">
    <elemPtr href="Synthetic25G.sccd#//@class.0/@scxml.0/@parallel.0/@states.3/@states.0/@ielement.0"/>
  </auxiliar:ElemRef>
  <auxiliar:StateRef id="s4" layer="LayerE4" hasElements="/23" inConfiguration="/13">
    <statePtr href="Synthetic25G.sccd#//@class.0/@scxml.0/@parallel.0/@states.4/@states.0"/>
    <layerPtr href="Synthetic25G.sccd#//@class.0/@scxml.0/@parallel.0/@states.4"/>
  </auxiliar:StateRef>
  <auxiliar:ElemRef inState="s4" id="E4">
    <elemPtr href="Synthetic25G.sccd#//@class.0/@scxml.0/@parallel.0/@states.4/@states.0/@ielement.0"/>
  </auxiliar:ElemRef>
  <auxiliar:StateRef id="s5" layer="LayerE5" hasElements="/25" inConfiguration="/13">
    <statePtr href="Synthetic25G.sccd#//@class.0/@scxml.0/@parallel.0/@states.5/@states.0"/>
    <layerPtr href="Synthetic25G.sccd#//@class.0/@scxml.0/@parallel.0/@states.5"/>
  </auxiliar:StateRef>
  <auxiliar:ElemRef inState="s5" id="E5">
    <elemPtr href="Synthetic25G.sccd#//@class.0/@scxml.0/@parallel.0/@states.5/@states.0/@ielement.0"/>
  </auxiliar:ElemRef>
  <auxiliar:StateRef id="s6" layer="LayerE6" hasElements="/27" inConfiguration="/13">
    <statePtr href="Synthetic25G.sccd#//@class.0/@scxml.0/@parallel.0/@states.6/@states.0"/>
    <layerPtr href="Synthetic25G.sccd#//@class.0/@scxml.0/@parallel.0/@states.6"/>
  </auxiliar:StateRef>
  <auxiliar:ElemRef inState="s6" id="E6">
    <elemPtr href="Synthetic25G.sccd#//@class.0/@scxml.0/@parallel.0/@states.6/@states.0/@ielement.0"/>
  </auxiliar:ElemRef>
  <auxiliar:StateRef id="s7" layer="LayerE7" hasElements="/29" inConfiguration="/13">
    <statePtr href="Synthetic25G.sccd#//@class.0/@scxml.0/@parallel.0/@states.7/@states.0"/>
    <layerPtr href="Synthetic25G.sccd#//@class.0/@scxml.0/@parallel.0/@states.7"/>
  </auxiliar:StateRef>
  <auxiliar:ElemRef inState="s7" id="E7">
    <elemPtr href="Synthetic25G.sccd#//@class.0/@scxml.0/@parallel.0/@states.7/@states.0/@ielement.0"/>
  </auxiliar:ElemRef>
  <auxiliar:StateRef id="s8" layer="LayerE8" hasElements="/31" inConfiguration="/13">
    <statePtr href="Synthetic25G.sccd#//@class.0/@scxml.0/@parallel.0/@states.8/@states.0"/>
    <layerPtr href="Synthetic25G.sccd#//@class.0/@scxml.0/@parallel.0/@states.8"/>
  </auxiliar:StateRef>
  <auxiliar:ElemRef inState="s8" id="E8">
    <elemPtr href="Synthetic25G.sccd#//@class.0/@scxml.0/@parallel.0/@states.8/@states.0/@ielement.0"/>
  </auxiliar:ElemRef>
  <auxiliar:StateRef id="s9" layer="LayerE9" hasElements="/33" inConfiguration="/13">
    <statePtr href="Synthetic25G.sccd#//@class.0/@scxml.0/@parallel.0/@states.9/@states.0"/>
    <layerPtr href="Synthetic25G.sccd#//@class.0/@scxml.0/@parallel.0/@states.9"/>
  </auxiliar:StateRef>
  <auxiliar:ElemRef inState="s9" id="E9">
    <elemPtr href="Synthetic25G.sccd#//@class.0/@scxml.0/@parallel.0/@states.9/@states.0/@ielement.0"/>
  </auxiliar:ElemRef>
  <auxiliar:StateRef id="s10" layer="LayerE10" hasElements="/35" inConfiguration="/13">
    <statePtr href="Synthetic25G.sccd#//@class.0/@scxml.0/@parallel.0/@states.10/@states.0"/>
    <layerPtr href="Synthetic25G.sccd#//@class.0/@scxml.0/@parallel.0/@states.10"/>
  </auxiliar:StateRef>
  <auxiliar:ElemRef inState="s10" id="E10">
    <elemPtr href="Synthetic25G.sccd#//@class.0/@scxml.0/@parallel.0/@states.10/@states.0/@ielement.0"/>
  </auxiliar:ElemRef>
  <auxiliar:StateRef id="h00" layer="LayerControler" inConfiguration="/13">
    <statePtr href="Synthetic25G.sccd#//@class.0/@scxml.0/@parallel.0/@states.11/@states.0"/>
    <layerPtr href="Synthetic25G.sccd#//@class.0/@scxml.0/@parallel.0/@states.11"/>
  </auxiliar:StateRef>
</xmi:XMI>
