<?xml version="1.0" encoding="ASCII"?>
<xmi:XMI xmi:version="2.0" xmlns:xmi="http://www.omg.org/XMI" xmlns:xsi="http://www.w3.org/2001/XMLSchema-instance" xmlns:auxiliar="http:\\geodes.iro.ca\auxiliar" xsi:schemaLocation="http:\\geodes.iro.ca\auxiliar ../../../ca.umontreal.iro.geodes.interaction.transformation2scd/Models/auxiliar.ecore">
  <auxiliar:Controll alphaParents="/1 /2 /3 /4 /5 /6 /7 /8 /9 /10">
    <rules name="R1">
      <rulePtr href="../InModels/Synthetic5J.interaction#//@interactions.0"/>
    </rules>
    <rules name="R2">
      <rulePtr href="../InModels/Synthetic5J.interaction#//@interactions.1"/>
    </rules>
    <rules name="R3">
      <rulePtr href="../InModels/Synthetic5J.interaction#//@interactions.2"/>
    </rules>
    <rules name="R4">
      <rulePtr href="../InModels/Synthetic5J.interaction#//@interactions.3"/>
    </rules>
    <rules name="R5">
      <rulePtr href="../InModels/Synthetic5J.interaction#//@interactions.4"/>
    </rules>
    <parameters xsi:type="auxiliar:AlphaNodeParam" tokenIndex="0" ruleParameterID="null"/>
    <parameters xsi:type="auxiliar:AlphaNodeParam" tokenIndex="2" toBeta="/0/@desisions.0 /0/@desisions.1 /0/@desisions.2" ruleParameterID="E6" inLayer="/0/@parameters.2"/>
    <parameters xsi:type="auxiliar:AlphaNodeLayer" tokenIndex="3" toBeta="/0/@desisions.0 /0/@desisions.1 /0/@desisions.2" hasParams="E6" layerID="LayerE6"/>
    <parameters xsi:type="auxiliar:AlphaNodeParam" tokenIndex="4" toBeta="/0/@desisions.0 /0/@desisions.2 /0/@desisions.3" ruleParameterID="E5" inLayer="/0/@parameters.4"/>
    <parameters xsi:type="auxiliar:AlphaNodeLayer" tokenIndex="5" toBeta="/0/@desisions.0 /0/@desisions.2 /0/@desisions.3" hasParams="E5" layerID="LayerE5"/>
    <parameters xsi:type="auxiliar:AlphaNodeParam" tokenIndex="6" toBeta="/0/@desisions.0" ruleParameterID="23" inLayer="/0/@parameters.6"/>
    <parameters xsi:type="auxiliar:AlphaNodeLayer" tokenIndex="7" toBeta="/0/@desisions.0 /0/@desisions.1 /0/@desisions.3" hasParams="23 23 23 23 23 23" layerID="Layercanvas"/>
    <parameters xsi:type="auxiliar:AlphaNodeParam" tokenIndex="8" toBeta="/0/@desisions.0" ruleParameterID="23" inLayer="/0/@parameters.6"/>
    <parameters xsi:type="auxiliar:AlphaNodeParam" tokenIndex="9" toBeta="/0/@desisions.0" ruleParameterID="23" inLayer="/0/@parameters.6"/>
    <parameters xsi:type="auxiliar:AlphaNodeParam" tokenIndex="10" toBeta="/0/@desisions.0" ruleParameterID="E4" inLayer="/0/@parameters.10"/>
    <parameters xsi:type="auxiliar:AlphaNodeLayer" tokenIndex="11" toBeta="/0/@desisions.0" hasParams="E4" layerID="LayerE4"/>
    <parameters xsi:type="auxiliar:AlphaNodeParam" tokenIndex="13" toBeta="/0/@desisions.1" ruleParameterID="23" inLayer="/0/@parameters.6"/>
    <parameters xsi:type="auxiliar:AlphaNodeParam" tokenIndex="14" toBeta="/0/@desisions.1 /0/@desisions.3" ruleParameterID="E3" inLayer="/0/@parameters.13"/>
    <parameters xsi:type="auxiliar:AlphaNodeLayer" tokenIndex="15" toBeta="/0/@desisions.1 /0/@desisions.3" hasParams="E3 E3" layerID="LayerE3"/>
    <parameters xsi:type="auxiliar:AlphaNodeParam" tokenIndex="16" toBeta="/0/@desisions.1" ruleParameterID="23" inLayer="/0/@parameters.6"/>
    <parameters xsi:type="auxiliar:AlphaNodeParam" tokenIndex="17" toBeta="/0/@desisions.1 /0/@desisions.2" ruleParameterID="E10" value="1" inLayer="/0/@parameters.16"/>
    <parameters xsi:type="auxiliar:AlphaNodeLayer" tokenIndex="18" toBeta="/0/@desisions.1 /0/@desisions.2 /0/@desisions.3 /0/@desisions.4" hasParams="E10 E10 E10" layerID="LayerE10"/>
    <parameters xsi:type="auxiliar:AlphaNodeParam" tokenIndex="19" toBeta="/0/@desisions.1" ruleParameterID="E3" value="1" inLayer="/0/@parameters.13"/>
    <parameters xsi:type="auxiliar:AlphaNodeParam" tokenIndex="20" toBeta="/0/@desisions.1" ruleParameterID="E7" inLayer="/0/@parameters.19"/>
    <parameters xsi:type="auxiliar:AlphaNodeLayer" tokenIndex="21" toBeta="/0/@desisions.1" hasParams="E7" layerID="LayerE7"/>
    <parameters xsi:type="auxiliar:AlphaNodeParam" tokenIndex="24" toBeta="/0/@desisions.3" ruleParameterID="23" inLayer="/0/@parameters.6"/>
    <parameters xsi:type="auxiliar:AlphaNodeParam" tokenIndex="25" toBeta="/0/@desisions.3 /0/@desisions.4" ruleParameterID="E8" inLayer="/0/@parameters.22"/>
    <parameters xsi:type="auxiliar:AlphaNodeLayer" tokenIndex="26" toBeta="/0/@desisions.3 /0/@desisions.4" hasParams="E8" layerID="LayerE8"/>
    <parameters xsi:type="auxiliar:AlphaNodeParam" tokenIndex="27" toBeta="/0/@desisions.3" ruleParameterID="E10" inLayer="/0/@parameters.16"/>
    <parameters xsi:type="auxiliar:AlphaNodeParam" tokenIndex="28" toBeta="/0/@desisions.3 /0/@desisions.4" ruleParameterID="E1" inLayer="/0/@parameters.25"/>
    <parameters xsi:type="auxiliar:AlphaNodeLayer" tokenIndex="29" toBeta="/0/@desisions.3 /0/@desisions.4" hasParams="E1" layerID="LayerE1"/>
    <parameters xsi:type="auxiliar:AlphaNodeParam" tokenIndex="31" toBeta="/0/@desisions.4" ruleParameterID="E10" value="2" inLayer="/0/@parameters.16"/>
    <desisions tokenIndex="1" positiveValue="10" rule="/0/@rules.0" fromAlpha="E6 /0/@parameters.2 E5 /0/@parameters.4 23 /0/@parameters.6 23 23 E4 /0/@parameters.10"/>
    <desisions tokenIndex="12" positiveValue="9" rule="/0/@rules.1" fromAlpha="E6 /0/@parameters.2 23 /0/@parameters.6 E3 /0/@parameters.13 23 E10 /0/@parameters.16 E3 E7 /0/@parameters.19"/>
    <desisions tokenIndex="22" positiveValue="3" rule="/0/@rules.2" fromAlpha="E10 /0/@parameters.16 E5 /0/@parameters.4 E6 /0/@parameters.2"/>
    <desisions tokenIndex="23" positiveValue="7" rule="/0/@rules.3" fromAlpha="E5 /0/@parameters.4 E3 /0/@parameters.13 23 /0/@parameters.6 E8 /0/@parameters.22 E10 /0/@parameters.16 E1 /0/@parameters.25"/>
    <desisions tokenIndex="30" positiveValue="3" rule="/0/@rules.4" fromAlpha="E8 /0/@parameters.22 E1 /0/@parameters.25 E10 /0/@parameters.16"/>
    <tokenConfigurations tokenID="/11">
      <tokens/>
      <tokens isDirty="true" tokenValue="true" numberOfTokens="6"/>
      <tokens isDirty="true" tokenValue="true"/>
      <tokens isDirty="true"/>
      <tokens isDirty="true" tokenValue="true"/>
      <tokens isDirty="true"/>
      <tokens isDirty="true" tokenValue="true"/>
      <tokens isDirty="true"/>
      <tokens isDirty="true" tokenValue="true"/>
      <tokens isDirty="true" tokenValue="true"/>
      <tokens isDirty="true" tokenValue="true"/>
      <tokens isDirty="true"/>
      <tokens isDirty="true" tokenValue="true" numberOfTokens="5"/>
      <tokens isDirty="true" tokenValue="true"/>
      <tokens isDirty="true" tokenValue="true"/>
      <tokens isDirty="true"/>
      <tokens isDirty="true" tokenValue="true"/>
      <tokens isDirty="true"/>
      <tokens isDirty="true"/>
      <tokens isDirty="true"/>
      <tokens isDirty="true" tokenValue="true"/>
      <tokens isDirty="true"/>
      <tokens isDirty="true" tokenValue="true" numberOfTokens="2"/>
      <tokens isDirty="true" tokenValue="true" numberOfTokens="6"/>
      <tokens isDirty="true" tokenValue="true"/>
      <tokens isDirty="true" tokenValue="true"/>
      <tokens isDirty="true"/>
      <tokens isDirty="true" tokenValue="true"/>
      <tokens isDirty="true" tokenValue="true"/>
      <tokens isDirty="true"/>
      <tokens isDirty="true" tokenValue="true" numberOfTokens="2"/>
      <tokens isDirty="true"/>
    </tokenConfigurations>
  </auxiliar:Controll>
  <auxiliar:AlphaParent alphas="null" ruleParameterID="null"/>
  <auxiliar:AlphaParent alphas="E6" ruleParameterID="E6"/>
  <auxiliar:AlphaParent alphas="E5" ruleParameterID="E5"/>
  <auxiliar:AlphaParent alphas="23 23 23 23 23 23" ruleParameterID="23"/>
  <auxiliar:AlphaParent alphas="E4" ruleParameterID="E4"/>
  <auxiliar:AlphaParent alphas="E3 E3" ruleParameterID="E3"/>
  <auxiliar:AlphaParent alphas="E10 E10 E10" ruleParameterID="E10"/>
  <auxiliar:AlphaParent alphas="E7" ruleParameterID="E7"/>
  <auxiliar:AlphaParent alphas="E8" ruleParameterID="E8"/>
  <auxiliar:AlphaParent alphas="E1" ruleParameterID="E1"/>
  <auxiliar:QueueElem states="s0 s1 s2 s3 s4 s5 s6 s7 s8 s9 s10 h00" elements="/13 /15 /17 /19 /21 /23 /25 /27 /29 /31 /33" tokenConfiguration="/0/@tokenConfigurations.0" dirtyElements="/13 /15 /17 /19 /21 /23 /25 /27 /29 /31 /33"/>
  <auxiliar:StateRef id="s0" layer="LayerE2" hasElements="/13" inConfiguration="/11">
    <statePtr href="Synthetic5J.sccd#//@class.0/@scxml.0/@parallel.0/@states.0/@states.0"/>
    <layerPtr href="Synthetic5J.sccd#//@class.0/@scxml.0/@parallel.0/@states.0"/>
  </auxiliar:StateRef>
  <auxiliar:ElemRef inState="s0" id="E2">
    <elemPtr href="Synthetic5J.sccd#//@class.0/@scxml.0/@parallel.0/@states.0/@states.0/@ielement.0"/>
  </auxiliar:ElemRef>
  <auxiliar:StateRef id="s1" layer="LayerE1" hasElements="/15" inConfiguration="/11">
    <statePtr href="Synthetic5J.sccd#//@class.0/@scxml.0/@parallel.0/@states.1/@states.0"/>
    <layerPtr href="Synthetic5J.sccd#//@class.0/@scxml.0/@parallel.0/@states.1"/>
  </auxiliar:StateRef>
  <auxiliar:ElemRef inState="s1" id="E1">
    <elemPtr href="Synthetic5J.sccd#//@class.0/@scxml.0/@parallel.0/@states.1/@states.0/@ielement.0"/>
  </auxiliar:ElemRef>
  <auxiliar:StateRef id="s2" layer="Layercanvas" hasElements="/17" inConfiguration="/11">
    <statePtr href="Synthetic5J.sccd#//@class.0/@scxml.0/@parallel.0/@states.2/@states.0"/>
    <layerPtr href="Synthetic5J.sccd#//@class.0/@scxml.0/@parallel.0/@states.2"/>
  </auxiliar:StateRef>
  <auxiliar:ElemRef inState="s2" id="23">
    <elemPtr href="Synthetic5J.sccd#//@class.0/@scxml.0/@parallel.0/@states.2/@states.0/@ielement.0"/>
  </auxiliar:ElemRef>
  <auxiliar:StateRef id="s3" layer="LayerE3" hasElements="/19" inConfiguration="/11">
    <statePtr href="Synthetic5J.sccd#//@class.0/@scxml.0/@parallel.0/@states.3/@states.0"/>
    <layerPtr href="Synthetic5J.sccd#//@class.0/@scxml.0/@parallel.0/@states.3"/>
  </auxiliar:StateRef>
  <auxiliar:ElemRef inState="s3" id="E3">
    <elemPtr href="Synthetic5J.sccd#//@class.0/@scxml.0/@parallel.0/@states.3/@states.0/@ielement.0"/>
  </auxiliar:ElemRef>
  <auxiliar:StateRef id="s4" layer="LayerE4" hasElements="/21" inConfiguration="/11">
    <statePtr href="Synthetic5J.sccd#//@class.0/@scxml.0/@parallel.0/@states.4/@states.0"/>
    <layerPtr href="Synthetic5J.sccd#//@class.0/@scxml.0/@parallel.0/@states.4"/>
  </auxiliar:StateRef>
  <auxiliar:ElemRef inState="s4" id="E4">
    <elemPtr href="Synthetic5J.sccd#//@class.0/@scxml.0/@parallel.0/@states.4/@states.0/@ielement.0"/>
  </auxiliar:ElemRef>
  <auxiliar:StateRef id="s5" layer="LayerE5" hasElements="/23" inConfiguration="/11">
    <statePtr href="Synthetic5J.sccd#//@class.0/@scxml.0/@parallel.0/@states.5/@states.0"/>
    <layerPtr href="Synthetic5J.sccd#//@class.0/@scxml.0/@parallel.0/@states.5"/>
  </auxiliar:StateRef>
  <auxiliar:ElemRef inState="s5" id="E5">
    <elemPtr href="Synthetic5J.sccd#//@class.0/@scxml.0/@parallel.0/@states.5/@states.0/@ielement.0"/>
  </auxiliar:ElemRef>
  <auxiliar:StateRef id="s6" layer="LayerE6" hasElements="/25" inConfiguration="/11">
    <statePtr href="Synthetic5J.sccd#//@class.0/@scxml.0/@parallel.0/@states.6/@states.0"/>
    <layerPtr href="Synthetic5J.sccd#//@class.0/@scxml.0/@parallel.0/@states.6"/>
  </auxiliar:StateRef>
  <auxiliar:ElemRef inState="s6" id="E6">
    <elemPtr href="Synthetic5J.sccd#//@class.0/@scxml.0/@parallel.0/@states.6/@states.0/@ielement.0"/>
  </auxiliar:ElemRef>
  <auxiliar:StateRef id="s7" layer="LayerE7" hasElements="/27" inConfiguration="/11">
    <statePtr href="Synthetic5J.sccd#//@class.0/@scxml.0/@parallel.0/@states.7/@states.0"/>
    <layerPtr href="Synthetic5J.sccd#//@class.0/@scxml.0/@parallel.0/@states.7"/>
  </auxiliar:StateRef>
  <auxiliar:ElemRef inState="s7" id="E7">
    <elemPtr href="Synthetic5J.sccd#//@class.0/@scxml.0/@parallel.0/@states.7/@states.0/@ielement.0"/>
  </auxiliar:ElemRef>
  <auxiliar:StateRef id="s8" layer="LayerE8" hasElements="/29" inConfiguration="/11">
    <statePtr href="Synthetic5J.sccd#//@class.0/@scxml.0/@parallel.0/@states.8/@states.0"/>
    <layerPtr href="Synthetic5J.sccd#//@class.0/@scxml.0/@parallel.0/@states.8"/>
  </auxiliar:StateRef>
  <auxiliar:ElemRef inState="s8" id="E8">
    <elemPtr href="Synthetic5J.sccd#//@class.0/@scxml.0/@parallel.0/@states.8/@states.0/@ielement.0"/>
  </auxiliar:ElemRef>
  <auxiliar:StateRef id="s9" layer="LayerE9" hasElements="/31" inConfiguration="/11">
    <statePtr href="Synthetic5J.sccd#//@class.0/@scxml.0/@parallel.0/@states.9/@states.0"/>
    <layerPtr href="Synthetic5J.sccd#//@class.0/@scxml.0/@parallel.0/@states.9"/>
  </auxiliar:StateRef>
  <auxiliar:ElemRef inState="s9" id="E9">
    <elemPtr href="Synthetic5J.sccd#//@class.0/@scxml.0/@parallel.0/@states.9/@states.0/@ielement.0"/>
  </auxiliar:ElemRef>
  <auxiliar:StateRef id="s10" layer="LayerE10" hasElements="/33" inConfiguration="/11">
    <statePtr href="Synthetic5J.sccd#//@class.0/@scxml.0/@parallel.0/@states.10/@states.0"/>
    <layerPtr href="Synthetic5J.sccd#//@class.0/@scxml.0/@parallel.0/@states.10"/>
  </auxiliar:StateRef>
  <auxiliar:ElemRef inState="s10" id="E10">
    <elemPtr href="Synthetic5J.sccd#//@class.0/@scxml.0/@parallel.0/@states.10/@states.0/@ielement.0"/>
  </auxiliar:ElemRef>
  <auxiliar:StateRef id="h00" layer="LayerControler" inConfiguration="/11">
    <statePtr href="Synthetic5J.sccd#//@class.0/@scxml.0/@parallel.0/@states.11/@states.0"/>
    <layerPtr href="Synthetic5J.sccd#//@class.0/@scxml.0/@parallel.0/@states.11"/>
  </auxiliar:StateRef>
</xmi:XMI>
